[16:46:19] [1/216] expand_50k 1e-05 s2 numpy_event_driven: 1054.4 us/step, peak RSS 164 MiB, ac 45% (1.5s)
[16:46:20] [2/216] expand_50k 1e-05 s2 compiled_time_step: 95.0 us/step, peak RSS 214 MiB, ac 45% (0.7s)
[16:46:20] [3/216] expand_1k 1e-05 s1 compiled_time_step: 0.6 us/step, peak RSS 155 MiB, ac 45% (0.6s)
[16:46:21] [4/216] expand_50k 0.1 s3 compiled_time_step: 649.5 us/step, peak RSS 233 MiB, ac 45% (1.2s)
[16:46:22] [5/216] expand_10k 1e-05 s2 numpy_time_step: 7.8 us/step, peak RSS 103 MiB, ac 45% (0.4s)
[16:46:23] [6/216] expand_50k 1e-05 s3 numpy_event_driven: 1180.5 us/step, peak RSS 166 MiB, ac 45% (1.6s)
[16:46:24] [7/216] expand_1k 0.0001 s1 numpy_time_step: 3.5 us/step, peak RSS 90 MiB, ac 45% (0.4s)
[16:46:24] [8/216] expand_10k 0.0001 s2 compiled_event_driven: 2.1 us/step, peak RSS 168 MiB, ac 45% (0.6s)
[16:46:25] [9/216] expand_10k 1e-05 s1 numpy_time_step: 7.5 us/step, peak RSS 103 MiB, ac 45% (0.4s)
[16:46:26] [10/216] expand_50k 0.1 s2 compiled_time_step: 596.4 us/step, peak RSS 233 MiB, ac 45% (1.2s)
[16:46:27] [11/216] expand_10k 0.001 s1 compiled_event_driven: 17.6 us/step, peak RSS 168 MiB, ac 45% (0.6s)
[16:46:27] [12/216] expand_1k 1e-05 s2 numpy_time_step: 2.8 us/step, peak RSS 90 MiB, ac 46% (0.4s)
[16:46:28] [13/216] expand_10k 0.01 s3 numpy_time_step: 103.7 us/step, peak RSS 105 MiB, ac 46% (0.5s)
[16:46:28] [14/216] expand_1k 0.1 s3 numpy_event_driven: 90.9 us/step, peak RSS 91 MiB, ac 46% (0.5s)
[16:46:29] [15/216] expand_50k 0.0001 s2 compiled_time_step: 84.1 us/step, peak RSS 214 MiB, ac 46% (0.7s)
[16:46:32] [16/216] expand_10k 0.5 s2 numpy_event_driven: 2588.9 us/step, peak RSS 165 MiB, ac 46% (3.0s)
[16:46:32] [17/216] expand_1k 0.0001 s3 compiled_event_driven: 0.1 us/step, peak RSS 156 MiB, ac 46% (0.6s)
[16:46:33] [18/216] expand_10k 0.001 s2 compiled_event_driven: 27.1 us/step, peak RSS 169 MiB, ac 46% (0.6s)
[16:46:36] [19/216] expand_50k 0.5 s2 compiled_time_step: 1810.3 us/step, peak RSS 309 MiB, ac 46% (2.5s)
[16:46:43] [20/216] expand_50k 0.5 s2 numpy_time_step: 6914.0 us/step, peak RSS 420 MiB, ac 46% (7.4s)
[16:46:46] [21/216] expand_50k 0.1 s3 numpy_time_step: 2288.4 us/step, peak RSS 252 MiB, ac 46% (2.7s)
[16:46:47] [22/216] expand_10k 0.01 s2 numpy_event_driven: 570.9 us/step, peak RSS 106 MiB, ac 46% (1.0s)
[16:46:47] [23/216] expand_10k 0.0001 s3 numpy_event_driven: 41.2 us/step, peak RSS 105 MiB, ac 46% (0.4s)
[16:46:50] [24/216] expand_50k 0.0001 s3 numpy_event_driven: 1848.9 us/step, peak RSS 160 MiB, ac 46% (2.3s)
[16:46:50] [25/216] expand_10k 0.0001 s1 compiled_event_driven: 2.9 us/step, peak RSS 168 MiB, ac 46% (0.6s)
[16:46:51] [26/216] expand_10k 0.01 s1 numpy_event_driven: 571.1 us/step, peak RSS 105 MiB, ac 46% (1.0s)
[16:46:52] [27/216] expand_10k 0.0001 s1 compiled_time_step: 6.8 us/step, peak RSS 168 MiB, ac 46% (0.6s)
[16:46:52] [28/216] expand_1k 0.001 s1 numpy_time_step: 8.2 us/step, peak RSS 91 MiB, ac 46% (0.4s)
[16:46:53] [29/216] expand_1k 0.01 s2 compiled_time_step: 1.3 us/step, peak RSS 155 MiB, ac 46% (0.6s)
[16:46:53] [30/216] expand_1k 0.0001 s3 numpy_event_driven: 5.5 us/step, peak RSS 91 MiB, ac 46% (0.4s)
[16:46:54] [31/216] expand_1k 0.01 s2 compiled_event_driven: 2.2 us/step, peak RSS 156 MiB, ac 46% (0.6s)
[16:46:55] [32/216] expand_10k 0.0001 s3 compiled_time_step: 6.9 us/step, peak RSS 168 MiB, ac 46% (0.6s)
[16:46:55] [33/216] expand_1k 0.1 s3 compiled_time_step: 4.1 us/step, peak RSS 156 MiB, ac 46% (0.6s)
[16:46:56] [34/216] expand_50k 0.01 s3 compiled_time_step: 196.7 us/step, peak RSS 216 MiB, ac 46% (0.8s)
[16:46:58] [35/216] expand_50k 0.1 s1 compiled_event_driven: 991.6 us/step, peak RSS 235 MiB, ac 46% (1.6s)
[16:46:58] [36/216] expand_10k 0.001 s3 numpy_time_step: 49.9 us/step, peak RSS 104 MiB, ac 46% (0.5s)
[16:46:59] [37/216] expand_10k 0.1 s1 compiled_time_step: 80.9 us/step, peak RSS 172 MiB, ac 46% (0.7s)
[16:46:59] [38/216] expand_10k 0.0001 s3 numpy_time_step: 17.1 us/step, peak RSS 103 MiB, ac 46% (0.4s)
[16:47:02] [39/216] expand_50k 0.1 s2 numpy_time_step: 2322.7 us/step, peak RSS 259 MiB, ac 46% (2.8s)
[16:47:02] [40/216] expand_10k 0.0001 s1 numpy_event_driven: 56.2 us/step, peak RSS 107 MiB, ac 46% (0.5s)
[16:47:03] [41/216] expand_50k 0.01 s1 compiled_time_step: 185.1 us/step, peak RSS 216 MiB, ac 46% (0.8s)
[16:47:04] [42/216] expand_10k 0.5 s2 compiled_time_step: 265.4 us/step, peak RSS 187 MiB, ac 46% (0.9s)
[16:47:12] [43/216] expand_50k 0.5 s3 numpy_time_step: 6871.9 us/step, peak RSS 470 MiB, ac 46% (7.3s)
[16:47:14] [44/216] expand_50k 0.0001 s2 numpy_event_driven: 1667.4 us/step, peak RSS 163 MiB, ac 46% (2.1s)
[16:47:14] [45/216] expand_10k 0.01 s1 compiled_time_step: 20.4 us/step, peak RSS 168 MiB, ac 46% (0.5s)
[16:47:15] [46/216] expand_10k 0.001 s2 compiled_time_step: 12.5 us/step, peak RSS 168 MiB, ac 46% (0.5s)
[16:47:15] [47/216] expand_10k 1e-05 s3 compiled_time_step: 5.6 us/step, peak RSS 168 MiB, ac 46% (0.5s)
[16:47:16] [48/216] expand_10k 0.01 s2 compiled_time_step: 21.3 us/step, peak RSS 168 MiB, ac 46% (0.5s)
[16:47:17] [49/216] expand_50k 1e-05 s3 numpy_time_step: 307.0 us/step, peak RSS 159 MiB, ac 46% (0.7s)
[16:47:17] [50/216] expand_1k 0.0001 s2 numpy_time_step: 3.6 us/step, peak RSS 90 MiB, ac 46% (0.4s)
[16:47:20] [51/216] expand_50k 0.5 s3 compiled_event_driven: 2341.0 us/step, peak RSS 312 MiB, ac 47% (2.9s)
[16:47:21] [52/216] expand_50k 0.1 s3 compiled_event_driven: 803.5 us/step, peak RSS 235 MiB, ac 47% (1.3s)
[16:47:22] [53/216] expand_10k 0.001 s3 numpy_event_driven: 286.7 us/step, peak RSS 106 MiB, ac 47% (0.7s)
[16:47:22] [54/216] expand_1k 0.0001 s1 compiled_time_step: 0.6 us/step, peak RSS 155 MiB, ac 47% (0.5s)
[16:47:23] [55/216] expand_10k 0.0001 s2 compiled_time_step: 6.4 us/step, peak RSS 168 MiB, ac 47% (0.5s)
[16:47:23] [56/216] expand_1k 0.01 s3 numpy_time_step: 12.9 us/step, peak RSS 90 MiB, ac 47% (0.4s)
[16:47:24] [57/216] expand_10k 0.001 s3 compiled_event_driven: 20.5 us/step, peak RSS 168 MiB, ac 47% (0.6s)
[16:47:27] [58/216] expand_10k 0.5 s3 numpy_event_driven: 2345.6 us/step, peak RSS 173 MiB, ac 47% (2.7s)
[16:47:28] [59/216] expand_50k 0.01 s2 numpy_time_step: 598.1 us/step, peak RSS 170 MiB, ac 47% (1.0s)
[16:47:30] [60/216] expand_50k 0.001 s3 numpy_event_driven: 1938.3 us/step, peak RSS 167 MiB, ac 47% (2.3s)
[16:47:30] [61/216] expand_1k 0.0001 s2 compiled_event_driven: 0.1 us/step, peak RSS 156 MiB, ac 47% (0.5s)
[16:47:31] [62/216] expand_50k 0.01 s1 numpy_time_step: 591.4 us/step, peak RSS 164 MiB, ac 47% (1.0s)
[16:47:32] [63/216] expand_1k 0.01 s3 compiled_event_driven: 2.2 us/step, peak RSS 156 MiB, ac 47% (0.5s)
[16:47:32] [64/216] expand_10k 1e-05 s1 compiled_event_driven: 0.3 us/step, peak RSS 168 MiB, ac 47% (0.5s)
[16:47:33] [65/216] expand_1k 0.5 s3 compiled_time_step: 11.6 us/step, peak RSS 157 MiB, ac 47% (0.5s)
[16:47:33] [66/216] expand_1k 0.001 s2 numpy_event_driven: 23.9 us/step, peak RSS 92 MiB, ac 47% (0.4s)
[16:47:34] [67/216] expand_1k 0.5 s2 compiled_event_driven: 31.8 us/step, peak RSS 158 MiB, ac 47% (0.6s)
[16:47:35] [68/216] expand_50k 0.1 s2 compiled_event_driven: 857.1 us/step, peak RSS 235 MiB, ac 47% (1.4s)
[16:47:36] [69/216] expand_10k 0.1 s3 compiled_event_driven: 127.8 us/step, peak RSS 172 MiB, ac 47% (0.6s)
[16:47:37] [70/216] expand_50k 0.001 s3 compiled_event_driven: 184.8 us/step, peak RSS 216 MiB, ac 47% (0.7s)
[16:47:37] [71/216] expand_1k 1e-05 s3 numpy_time_step: 2.4 us/step, peak RSS 90 MiB, ac 47% (0.4s)
[16:47:38] [72/216] expand_50k 0.001 s2 compiled_event_driven: 213.0 us/step, peak RSS 217 MiB, ac 47% (0.7s)
[16:47:38] [73/216] expand_1k 0.001 s2 compiled_time_step: 0.7 us/step, peak RSS 155 MiB, ac 47% (0.5s)
[16:47:39] [74/216] expand_1k 0.5 s1 compiled_time_step: 11.7 us/step, peak RSS 157 MiB, ac 47% (0.5s)
[16:47:39] [75/216] expand_50k 0.001 s1 compiled_event_driven: 189.6 us/step, peak RSS 216 MiB, ac 47% (0.7s)
[16:47:40] [76/216] expand_50k 0.001 s2 numpy_time_step: 351.5 us/step, peak RSS 157 MiB, ac 47% (0.7s)
[16:47:41] [77/216] expand_1k 0.01 s1 numpy_event_driven: 52.1 us/step, peak RSS 91 MiB, ac 47% (0.4s)
[16:47:42] [78/216] expand_10k 0.1 s1 numpy_event_driven: 1091.8 us/step, peak RSS 125 MiB, ac 47% (1.5s)
[16:47:43] [79/216] expand_1k 0.5 s3 numpy_time_step: 63.8 us/step, peak RSS 93 MiB, ac 47% (0.4s)
[16:47:49] [80/216] expand_50k 0.1 s3 numpy_event_driven: 5738.0 us/step, peak RSS 263 MiB, ac 47% (6.1s)
[16:47:49] [81/216] expand_50k 0.0001 s3 numpy_time_step: 337.0 us/step, peak RSS 154 MiB, ac 47% (0.8s)
[16:47:50] [82/216] expand_1k 0.001 s3 compiled_time_step: 0.7 us/step, peak RSS 155 MiB, ac 47% (0.5s)
[16:47:51] [83/216] expand_1k 0.0001 s3 compiled_time_step: 0.6 us/step, peak RSS 155 MiB, ac 47% (0.5s)
[16:47:54] [84/216] expand_50k 0.5 s2 compiled_event_driven: 2400.5 us/step, peak RSS 312 MiB, ac 47% (3.0s)
[16:47:54] [85/216] expand_10k 1e-05 s3 numpy_event_driven: 4.1 us/step, peak RSS 103 MiB, ac 47% (0.4s)
[16:47:54] [86/216] expand_1k 0.5 s2 numpy_time_step: 63.5 us/step, peak RSS 93 MiB, ac 47% (0.5s)
[16:47:55] [87/216] expand_50k 0.001 s1 numpy_time_step: 345.6 us/step, peak RSS 155 MiB, ac 47% (0.7s)
[16:47:56] [88/216] expand_50k 1e-05 s1 compiled_time_step: 62.5 us/step, peak RSS 214 MiB, ac 47% (0.6s)
[16:47:56] [89/216] expand_50k 1e-05 s3 compiled_time_step: 87.0 us/step, peak RSS 214 MiB, ac 47% (0.6s)
[16:47:58] [90/216] expand_10k 0.5 s1 numpy_time_step: 1260.9 us/step, peak RSS 158 MiB, ac 47% (1.7s)
[16:47:59] [91/216] expand_50k 0.01 s3 compiled_event_driven: 334.2 us/step, peak RSS 219 MiB, ac 47% (0.9s)
[16:48:00] [92/216] expand_10k 0.1 s2 compiled_event_driven: 141.7 us/step, peak RSS 172 MiB, ac 47% (0.7s)
[16:48:02] [93/216] expand_50k 0.001 s1 numpy_event_driven: 2026.2 us/step, peak RSS 159 MiB, ac 47% (2.4s)
[16:48:02] [94/216] expand_10k 0.001 s2 numpy_time_step: 53.5 us/step, peak RSS 104 MiB, ac 47% (0.5s)
[16:48:03] [95/216] expand_1k 0.001 s3 numpy_time_step: 8.1 us/step, peak RSS 90 MiB, ac 47% (0.4s)
[16:48:03] [96/216] expand_10k 0.01 s3 compiled_time_step: 21.4 us/step, peak RSS 168 MiB, ac 47% (0.5s)
[16:48:04] [97/216] expand_10k 0.01 s1 compiled_event_driven: 42.5 us/step, peak RSS 169 MiB, ac 47% (0.6s)
[16:48:05] [98/216] expand_50k 0.0001 s2 compiled_event_driven: 161.4 us/step, peak RSS 216 MiB, ac 47% (0.8s)
[16:48:05] [99/216] expand_10k 1e-05 s1 numpy_event_driven: 6.6 us/step, peak RSS 104 MiB, ac 47% (0.4s)
[16:48:06] [100/216] expand_10k 0.0001 s2 numpy_event_driven: 47.3 us/step, peak RSS 105 MiB, ac 47% (0.5s)
[16:48:06] [101/216] expand_1k 0.01 s1 compiled_event_driven: 2.2 us/step, peak RSS 156 MiB, ac 47% (0.5s)
[16:48:07] [102/216] expand_50k 0.0001 s2 numpy_time_step: 289.6 us/step, peak RSS 154 MiB, ac 47% (0.7s)
[16:48:07] [103/216] expand_1k 1e-05 s1 compiled_event_driven: 0.0 us/step, peak RSS 156 MiB, ac 47% (0.5s)
[16:48:08] [104/216] expand_50k 0.001 s3 compiled_time_step: 101.0 us/step, peak RSS 214 MiB, ac 47% (0.7s)
[16:48:09] [105/216] expand_1k 0.01 s3 compiled_time_step: 1.3 us/step, peak RSS 155 MiB, ac 47% (0.5s)
[16:48:10] [106/216] expand_50k 1e-05 s1 numpy_event_driven: 703.9 us/step, peak RSS 160 MiB, ac 48% (1.1s)
[16:48:10] [107/216] expand_50k 1e-05 s2 numpy_time_step: 279.6 us/step, peak RSS 155 MiB, ac 48% (0.7s)
[16:48:13] [108/216] expand_50k 0.5 s1 compiled_time_step: 1757.6 us/step, peak RSS 309 MiB, ac 48% (2.3s)
[16:48:14] [109/216] expand_50k 0.001 s3 numpy_time_step: 359.8 us/step, peak RSS 163 MiB, ac 48% (0.8s)
[16:48:14] [110/216] expand_1k 0.1 s1 numpy_time_step: 27.4 us/step, peak RSS 91 MiB, ac 48% (0.4s)
[16:48:15] [111/216] expand_10k 0.01 s1 numpy_time_step: 92.0 us/step, peak RSS 105 MiB, ac 48% (0.5s)
[16:48:15] [112/216] expand_10k 1e-05 s3 compiled_event_driven: 0.1 us/step, peak RSS 168 MiB, ac 48% (0.5s)
[16:48:28] [113/216] expand_50k 0.5 s2 numpy_event_driven: 11921.1 us/step, peak RSS 430 MiB, ac 48% (12.3s)
[16:48:29] [114/216] expand_10k 0.1 s3 numpy_event_driven: 1065.5 us/step, peak RSS 118 MiB, ac 48% (1.5s)
[16:48:30] [115/216] expand_10k 0.01 s3 numpy_event_driven: 574.9 us/step, peak RSS 107 MiB, ac 48% (1.0s)
[16:48:31] [116/216] expand_1k 0.1 s3 compiled_event_driven: 8.1 us/step, peak RSS 156 MiB, ac 48% (0.8s)
[16:48:32] [117/216] expand_10k 0.5 s1 compiled_time_step: 246.0 us/step, peak RSS 187 MiB, ac 48% (0.8s)
[16:48:33] [118/216] expand_50k 0.1 s1 compiled_time_step: 601.0 us/step, peak RSS 234 MiB, ac 48% (1.2s)
[16:48:34] [119/216] expand_1k 0.001 s3 compiled_event_driven: 0.6 us/step, peak RSS 156 MiB, ac 48% (0.5s)
[16:48:34] [120/216] expand_1k 0.1 s1 numpy_event_driven: 86.7 us/step, peak RSS 91 MiB, ac 48% (0.5s)
[16:48:35] [121/216] expand_1k 0.0001 s2 compiled_time_step: 0.6 us/step, peak RSS 155 MiB, ac 48% (0.5s)
[16:48:35] [122/216] expand_50k 0.001 s2 compiled_time_step: 103.8 us/step, peak RSS 215 MiB, ac 48% (0.7s)
[16:48:36] [123/216] expand_1k 0.1 s1 compiled_time_step: 3.9 us/step, peak RSS 156 MiB, ac 48% (0.5s)
[16:48:36] [124/216] expand_10k 0.1 s3 compiled_time_step: 70.0 us/step, peak RSS 172 MiB, ac 48% (0.6s)
[16:48:37] [125/216] expand_10k 0.1 s2 numpy_time_step: 341.0 us/step, peak RSS 114 MiB, ac 48% (0.7s)
[16:48:38] [126/216] expand_50k 0.01 s2 compiled_event_driven: 330.1 us/step, peak RSS 218 MiB, ac 48% (0.9s)
[16:48:39] [127/216] expand_1k 0.5 s1 compiled_event_driven: 22.3 us/step, peak RSS 158 MiB, ac 48% (0.6s)
[16:48:39] [128/216] expand_1k 0.0001 s1 numpy_event_driven: 4.8 us/step, peak RSS 91 MiB, ac 48% (0.4s)
[16:48:40] [129/216] expand_50k 0.0001 s1 compiled_time_step: 109.7 us/step, peak RSS 214 MiB, ac 48% (0.7s)
[16:48:40] [130/216] expand_10k 0.01 s2 compiled_event_driven: 43.4 us/step, peak RSS 168 MiB, ac 48% (0.6s)
[16:48:41] [131/216] expand_10k 0.001 s1 numpy_time_step: 43.7 us/step, peak RSS 104 MiB, ac 48% (0.4s)
[16:48:41] [132/216] expand_50k 1e-05 s2 compiled_event_driven: 140.9 us/step, peak RSS 216 MiB, ac 48% (0.7s)
[16:48:48] [133/216] expand_50k 0.1 s2 numpy_event_driven: 5884.2 us/step, peak RSS 268 MiB, ac 48% (6.3s)
[16:48:48] [134/216] expand_1k 0.01 s3 numpy_event_driven: 54.8 us/step, peak RSS 91 MiB, ac 48% (0.5s)
[16:48:48] [135/216] expand_1k 0.0001 s2 numpy_event_driven: 4.9 us/step, peak RSS 91 MiB, ac 48% (0.4s)
[16:49:01] [136/216] expand_50k 0.5 s3 numpy_event_driven: 11867.0 us/step, peak RSS 478 MiB, ac 49% (12.3s)
[16:49:02] [137/216] expand_50k 0.01 s2 compiled_time_step: 159.3 us/step, peak RSS 216 MiB, ac 49% (0.7s)
[16:49:02] [138/216] expand_1k 1e-05 s3 compiled_event_driven: 0.0 us/step, peak RSS 156 MiB, ac 49% (0.5s)
[16:49:03] [139/216] expand_10k 0.001 s1 numpy_event_driven: 254.1 us/step, peak RSS 105 MiB, ac 49% (0.6s)
[16:49:03] [140/216] expand_1k 0.01 s2 numpy_time_step: 13.2 us/step, peak RSS 90 MiB, ac 49% (0.4s)
[16:49:03] [141/216] expand_1k 0.0001 s3 numpy_time_step: 3.2 us/step, peak RSS 90 MiB, ac 49% (0.4s)
[16:49:04] [142/216] expand_1k 0.001 s2 numpy_time_step: 8.0 us/step, peak RSS 90 MiB, ac 49% (0.4s)
[16:49:05] [143/216] expand_10k 0.1 s2 numpy_event_driven: 1026.7 us/step, peak RSS 116 MiB, ac 49% (1.4s)
[16:49:06] [144/216] expand_10k 1e-05 s2 numpy_event_driven: 6.6 us/step, peak RSS 106 MiB, ac 49% (0.4s)
[16:49:08] [145/216] expand_50k 0.5 s1 compiled_event_driven: 2345.1 us/step, peak RSS 312 MiB, ac 49% (2.9s)
[16:49:09] [146/216] expand_50k 1e-05 s3 compiled_event_driven: 160.3 us/step, peak RSS 216 MiB, ac 49% (0.7s)
[16:49:11] [147/216] expand_50k 0.5 s3 compiled_time_step: 1593.3 us/step, peak RSS 309 MiB, ac 49% (2.1s)
[16:49:12] [148/216] expand_10k 0.1 s1 numpy_time_step: 333.9 us/step, peak RSS 117 MiB, ac 49% (0.7s)
[16:49:12] [149/216] expand_10k 0.01 s2 numpy_time_step: 89.0 us/step, peak RSS 104 MiB, ac 49% (0.5s)
[16:49:13] [150/216] expand_1k 0.1 s2 numpy_time_step: 27.0 us/step, peak RSS 91 MiB, ac 49% (0.4s)
[16:49:14] [151/216] expand_10k 0.5 s3 compiled_event_driven: 415.8 us/step, peak RSS 187 MiB, ac 49% (0.9s)
[16:49:14] [152/216] expand_1k 0.001 s1 numpy_event_driven: 22.6 us/step, peak RSS 92 MiB, ac 49% (0.4s)
[16:49:15] [153/216] expand_1k 0.5 s3 numpy_event_driven: 142.3 us/step, peak RSS 93 MiB, ac 49% (0.5s)
[16:49:22] [154/216] expand_50k 0.5 s1 numpy_time_step: 6602.7 us/step, peak RSS 544 MiB, ac 49% (7.0s)
[16:49:22] [155/216] expand_1k 1e-05 s2 compiled_event_driven: 0.0 us/step, peak RSS 156 MiB, ac 49% (0.5s)
[16:49:23] [156/216] expand_1k 0.5 s3 compiled_event_driven: 21.8 us/step, peak RSS 158 MiB, ac 49% (0.5s)
[16:49:23] [157/216] expand_1k 0.0001 s1 compiled_event_driven: 0.1 us/step, peak RSS 156 MiB, ac 49% (0.5s)
[16:49:24] [158/216] expand_1k 0.001 s1 compiled_time_step: 0.7 us/step, peak RSS 155 MiB, ac 49% (0.5s)
[16:49:24] [159/216] expand_1k 1e-05 s3 numpy_event_driven: 0.9 us/step, peak RSS 90 MiB, ac 49% (0.4s)
[16:49:28] [160/216] expand_50k 0.01 s1 numpy_event_driven: 3086.8 us/step, peak RSS 176 MiB, ac 49% (3.5s)
[16:49:28] [161/216] expand_50k 1e-05 s1 numpy_time_step: 185.2 us/step, peak RSS 155 MiB, ac 49% (0.6s)
[16:49:29] [162/216] expand_1k 0.001 s1 compiled_event_driven: 0.5 us/step, peak RSS 156 MiB, ac 49% (0.5s)
[16:49:29] [163/216] expand_10k 1e-05 s2 compiled_time_step: 5.6 us/step, peak RSS 168 MiB, ac 49% (0.5s)
[16:49:31] [164/216] expand_10k 0.5 s2 numpy_time_step: 1231.9 us/step, peak RSS 156 MiB, ac 49% (1.6s)
[16:49:31] [165/216] expand_10k 1e-05 s3 numpy_time_step: 6.5 us/step, peak RSS 103 MiB, ac 49% (0.4s)
[16:49:32] [166/216] expand_1k 0.1 s2 compiled_event_driven: 7.9 us/step, peak RSS 156 MiB, ac 49% (0.5s)
[16:49:32] [167/216] expand_1k 0.5 s1 numpy_event_driven: 142.1 us/step, peak RSS 93 MiB, ac 49% (0.5s)
[16:49:33] [168/216] expand_10k 0.1 s3 numpy_time_step: 333.4 us/step, peak RSS 117 MiB, ac 49% (0.7s)
[16:49:33] [169/216] expand_10k 0.001 s1 compiled_time_step: 11.1 us/step, peak RSS 168 MiB, ac 49% (0.5s)
[16:49:37] [170/216] expand_50k 0.01 s3 numpy_event_driven: 3183.9 us/step, peak RSS 186 MiB, ac 49% (3.6s)
[16:49:39] [171/216] expand_50k 0.001 s2 numpy_event_driven: 1992.8 us/step, peak RSS 160 MiB, ac 49% (2.4s)
[16:49:40] [172/216] expand_10k 0.01 s3 compiled_event_driven: 41.6 us/step, peak RSS 169 MiB, ac 49% (0.5s)
[16:49:41] [173/216] expand_10k 0.001 s3 compiled_time_step: 12.3 us/step, peak RSS 168 MiB, ac 49% (0.5s)
[16:49:41] [174/216] expand_1k 0.1 s1 compiled_event_driven: 8.3 us/step, peak RSS 157 MiB, ac 49% (0.5s)
[16:49:41] [175/216] expand_1k 0.1 s3 numpy_time_step: 27.5 us/step, peak RSS 91 MiB, ac 49% (0.4s)
[16:49:42] [176/216] expand_1k 0.5 s2 numpy_event_driven: 143.3 us/step, peak RSS 93 MiB, ac 49% (0.5s)
[16:49:42] [177/216] expand_10k 0.0001 s2 numpy_time_step: 17.1 us/step, peak RSS 103 MiB, ac 49% (0.4s)
[16:49:43] [178/216] expand_50k 0.0001 s1 numpy_time_step: 354.9 us/step, peak RSS 155 MiB, ac 49% (0.7s)
[16:49:44] [179/216] expand_1k 0.01 s2 numpy_event_driven: 53.4 us/step, peak RSS 91 MiB, ac 49% (0.4s)
[16:49:44] [180/216] expand_10k 0.5 s1 compiled_event_driven: 410.6 us/step, peak RSS 187 MiB, ac 49% (0.9s)
[16:49:45] [181/216] expand_50k 0.0001 s1 compiled_event_driven: 179.7 us/step, peak RSS 216 MiB, ac 49% (0.7s)
[16:49:46] [182/216] expand_50k 0.01 s1 compiled_event_driven: 367.0 us/step, peak RSS 218 MiB, ac 49% (0.9s)
[16:49:46] [183/216] expand_1k 1e-05 s1 numpy_time_step: 2.3 us/step, peak RSS 90 MiB, ac 49% (0.4s)
[16:49:47] [184/216] expand_10k 0.1 s2 compiled_time_step: 69.7 us/step, peak RSS 172 MiB, ac 49% (0.6s)
[16:49:47] [185/216] expand_1k 1e-05 s2 compiled_time_step: 0.5 us/step, peak RSS 155 MiB, ac 49% (0.5s)
[16:49:48] [186/216] expand_10k 1e-05 s1 compiled_time_step: 5.7 us/step, peak RSS 168 MiB, ac 50% (0.5s)
[16:49:49] [187/216] expand_1k 0.001 s2 compiled_event_driven: 0.7 us/step, peak RSS 156 MiB, ac 50% (0.5s)
[16:49:49] [188/216] expand_50k 1e-05 s1 compiled_event_driven: 101.9 us/step, peak RSS 216 MiB, ac 50% (0.7s)
[16:49:50] [189/216] expand_1k 0.01 s1 compiled_time_step: 1.3 us/step, peak RSS 155 MiB, ac 50% (0.5s)
[16:49:50] [190/216] expand_1k 1e-05 s3 compiled_time_step: 0.5 us/step, peak RSS 155 MiB, ac 50% (0.6s)
[16:49:51] [191/216] expand_50k 0.01 s3 numpy_time_step: 672.8 us/step, peak RSS 174 MiB, ac 50% (1.1s)
[16:49:55] [192/216] expand_50k 0.01 s2 numpy_event_driven: 3204.5 us/step, peak RSS 177 MiB, ac 50% (3.6s)
[16:50:08] [193/216] expand_50k 0.5 s1 numpy_event_driven: 12591.2 us/step, peak RSS 617 MiB, ac 50% (13.0s)
[16:50:08] [194/216] expand_1k 1e-05 s2 numpy_event_driven: 1.0 us/step, peak RSS 90 MiB, ac 50% (0.4s)
[16:50:09] [195/216] expand_10k 0.001 s2 numpy_event_driven: 306.4 us/step, peak RSS 106 MiB, ac 50% (0.7s)
[16:50:10] [196/216] expand_50k 0.001 s1 compiled_time_step: 97.5 us/step, peak RSS 214 MiB, ac 50% (0.6s)
[16:50:10] [197/216] expand_10k 0.1 s1 compiled_event_driven: 140.9 us/step, peak RSS 172 MiB, ac 50% (0.7s)
[16:50:11] [198/216] expand_1k 0.1 s2 compiled_time_step: 3.9 us/step, peak RSS 156 MiB, ac 50% (0.5s)
[16:50:12] [199/216] expand_50k 0.0001 s3 compiled_time_step: 92.7 us/step, peak RSS 214 MiB, ac 50% (0.6s)
[16:50:12] [200/216] expand_1k 0.1 s2 numpy_event_driven: 85.7 us/step, peak RSS 91 MiB, ac 50% (0.5s)
[16:50:15] [201/216] expand_10k 0.5 s1 numpy_event_driven: 2591.2 us/step, peak RSS 162 MiB, ac 50% (3.0s)
[16:50:16] [202/216] expand_10k 0.5 s2 compiled_event_driven: 424.0 us/step, peak RSS 187 MiB, ac 50% (1.0s)
[16:50:23] [203/216] expand_50k 0.1 s1 numpy_event_driven: 6140.5 us/step, peak RSS 259 MiB, ac 50% (6.6s)
[16:50:23] [204/216] expand_10k 0.0001 s1 numpy_time_step: 21.2 us/step, peak RSS 104 MiB, ac 50% (0.5s)
[16:50:25] [205/216] expand_10k 0.5 s3 numpy_time_step: 1581.7 us/step, peak RSS 175 MiB, ac 50% (2.0s)
[16:50:26] [206/216] expand_10k 0.0001 s3 compiled_event_driven: 1.9 us/step, peak RSS 168 MiB, ac 50% (0.7s)
[16:50:26] [207/216] expand_1k 0.01 s1 numpy_time_step: 15.2 us/step, peak RSS 91 MiB, ac 50% (0.5s)
[16:50:27] [208/216] expand_1k 1e-05 s1 numpy_event_driven: 1.0 us/step, peak RSS 91 MiB, ac 50% (0.5s)
[16:50:27] [209/216] expand_1k 0.5 s1 numpy_time_step: 75.8 us/step, peak RSS 93 MiB, ac 50% (0.6s)
[16:50:28] [210/216] expand_10k 0.5 s3 compiled_time_step: 301.0 us/step, peak RSS 187 MiB, ac 50% (1.0s)
[16:50:29] [211/216] expand_1k 0.5 s2 compiled_time_step: 12.7 us/step, peak RSS 158 MiB, ac 50% (0.6s)
[16:50:30] [212/216] expand_10k 1e-05 s2 compiled_event_driven: 0.4 us/step, peak RSS 168 MiB, ac 50% (0.5s)
[16:50:33] [213/216] expand_50k 0.1 s1 numpy_time_step: 2661.6 us/step, peak RSS 257 MiB, ac 50% (3.2s)
[16:50:34] [214/216] expand_50k 0.0001 s3 compiled_event_driven: 226.4 us/step, peak RSS 216 MiB, ac 50% (0.9s)
[16:50:34] [215/216] expand_1k 0.001 s3 numpy_event_driven: 30.5 us/step, peak RSS 92 MiB, ac 50% (0.5s)
[16:50:37] [216/216] expand_50k 0.0001 s1 numpy_event_driven: 1998.1 us/step, peak RSS 161 MiB, ac 51% (2.5s)
