[16:57:37] [1/60] full 0.01 s3 numpy_event_driven: 7535.0 us/step, peak RSS 262 MiB, ac 60% (7.9s)
[16:57:38] [2/60] full 0.0001 s1 numpy_time_step: 917.3 us/step, peak RSS 233 MiB, ac 60% (1.3s)
[16:57:40] [3/60] full 0.0001 s3 compiled_event_driven: 461.9 us/step, peak RSS 273 MiB, ac 60% (1.1s)
[16:57:55] [4/60] full 0.1 s2 numpy_event_driven: 14177.6 us/step, peak RSS 404 MiB, ac 60% (14.6s)
[16:58:04] [5/60] full 0.01 s1 numpy_event_driven: 7857.7 us/step, peak RSS 266 MiB, ac 60% (8.3s)
[16:58:09] [6/60] full 0.1 s1 numpy_time_step: 4440.2 us/step, peak RSS 417 MiB, ac 60% (4.9s)
[16:58:10] [7/60] full 0.0001 s2 numpy_time_step: 667.7 us/step, peak RSS 231 MiB, ac 60% (1.1s)
[16:58:25] [8/60] full 0.1 s1 numpy_event_driven: 14405.5 us/step, peak RSS 431 MiB, ac 61% (14.9s)
[16:58:27] [9/60] full 0.01 s3 numpy_time_step: 1397.6 us/step, peak RSS 264 MiB, ac 61% (1.8s)
[16:58:32] [10/60] full 0.0001 s2 numpy_event_driven: 4133.3 us/step, peak RSS 241 MiB, ac 61% (4.6s)
[16:58:34] [11/60] full 1e-05 s3 compiled_event_driven: 713.3 us/step, peak RSS 272 MiB, ac 61% (2.0s)
[16:58:36] [12/60] full 0.01 s3 compiled_event_driven: 829.6 us/step, peak RSS 279 MiB, ac 61% (1.5s)
[16:58:43] [13/60] full 0.001 s3 numpy_event_driven: 5637.9 us/step, peak RSS 255 MiB, ac 61% (6.0s)
[16:58:47] [14/60] full 1e-05 s1 numpy_event_driven: 3915.5 us/step, peak RSS 234 MiB, ac 61% (4.3s)
[16:58:48] [15/60] full 0.001 s1 compiled_time_step: 327.6 us/step, peak RSS 268 MiB, ac 61% (0.9s)
[16:58:49] [16/60] full 0.001 s3 compiled_event_driven: 609.4 us/step, peak RSS 273 MiB, ac 61% (1.2s)
[16:58:51] [17/60] full 1e-05 s2 compiled_event_driven: 402.3 us/step, peak RSS 273 MiB, ac 61% (1.0s)
[16:58:52] [18/60] full 0.0001 s3 numpy_time_step: 782.3 us/step, peak RSS 244 MiB, ac 61% (1.2s)
[16:58:57] [19/60] full 1e-05 s2 numpy_event_driven: 3953.9 us/step, peak RSS 241 MiB, ac 61% (4.4s)
[16:58:58] [20/60] full 0.001 s1 compiled_event_driven: 624.6 us/step, peak RSS 273 MiB, ac 61% (1.2s)
[16:59:03] [21/60] full 0.0001 s3 numpy_event_driven: 4781.3 us/step, peak RSS 250 MiB, ac 62% (5.2s)
[16:59:04] [22/60] full 0.0001 s1 compiled_event_driven: 545.0 us/step, peak RSS 273 MiB, ac 62% (1.2s)
[16:59:06] [23/60] full 0.01 s1 numpy_time_step: 1575.1 us/step, peak RSS 262 MiB, ac 62% (2.0s)
[16:59:07] [24/60] full 1e-05 s1 compiled_event_driven: 407.7 us/step, peak RSS 273 MiB, ac 62% (1.0s)
[16:59:09] [25/60] full 0.001 s3 numpy_time_step: 1133.9 us/step, peak RSS 239 MiB, ac 62% (1.6s)
[16:59:11] [26/60] full 0.1 s2 compiled_time_step: 1313.0 us/step, peak RSS 321 MiB, ac 62% (1.9s)
[16:59:12] [27/60] full 1e-05 s3 numpy_time_step: 795.9 us/step, peak RSS 230 MiB, ac 62% (1.2s)
[16:59:17] [28/60] full 0.1 s2 numpy_time_step: 4335.2 us/step, peak RSS 388 MiB, ac 62% (4.8s)
[16:59:18] [29/60] full 0.0001 s2 compiled_time_step: 220.1 us/step, peak RSS 267 MiB, ac 62% (0.8s)
[16:59:18] [30/60] full 1e-05 s1 compiled_time_step: 221.7 us/step, peak RSS 268 MiB, ac 62% (0.8s)
[16:59:22] [31/60] full 0.1 s3 compiled_event_driven: 2321.1 us/step, peak RSS 326 MiB, ac 62% (3.0s)
[16:59:24] [32/60] full 0.01 s2 compiled_event_driven: 850.4 us/step, peak RSS 279 MiB, ac 62% (1.5s)
[16:59:25] [33/60] full 0.01 s1 compiled_time_step: 509.6 us/step, peak RSS 274 MiB, ac 62% (1.2s)
[16:59:26] [34/60] full 0.0001 s1 compiled_time_step: 341.8 us/step, peak RSS 268 MiB, ac 62% (1.0s)
[16:59:28] [35/60] full 0.01 s1 compiled_event_driven: 828.7 us/step, peak RSS 278 MiB, ac 62% (1.4s)
[16:59:29] [36/60] full 0.001 s1 numpy_time_step: 1087.9 us/step, peak RSS 247 MiB, ac 62% (1.5s)
[16:59:36] [37/60] full 0.001 s1 numpy_event_driven: 6064.7 us/step, peak RSS 258 MiB, ac 62% (6.5s)
[16:59:37] [38/60] full 0.01 s2 compiled_time_step: 474.4 us/step, peak RSS 273 MiB, ac 62% (1.2s)
[16:59:39] [39/60] full 0.01 s2 numpy_time_step: 1547.9 us/step, peak RSS 253 MiB, ac 62% (2.0s)
[16:59:44] [40/60] full 0.1 s3 numpy_time_step: 4459.4 us/step, peak RSS 386 MiB, ac 62% (5.1s)
[16:59:51] [41/60] full 0.001 s2 numpy_event_driven: 6241.7 us/step, peak RSS 259 MiB, ac 63% (6.7s)
[16:59:53] [42/60] full 0.001 s2 numpy_time_step: 1010.5 us/step, peak RSS 231 MiB, ac 63% (1.4s)
[16:59:54] [43/60] full 1e-05 s1 numpy_time_step: 736.8 us/step, peak RSS 223 MiB, ac 63% (1.2s)
[16:59:57] [44/60] full 0.1 s2 compiled_event_driven: 2549.8 us/step, peak RSS 327 MiB, ac 63% (3.2s)
[17:00:12] [45/60] full 0.1 s3 numpy_event_driven: 14256.0 us/step, peak RSS 393 MiB, ac 63% (14.8s)
[17:00:16] [46/60] full 1e-05 s3 numpy_event_driven: 3689.5 us/step, peak RSS 235 MiB, ac 63% (4.1s)
[17:00:17] [47/60] full 0.0001 s2 compiled_event_driven: 461.0 us/step, peak RSS 274 MiB, ac 63% (1.1s)
[17:00:18] [48/60] full 0.0001 s3 compiled_time_step: 252.0 us/step, peak RSS 268 MiB, ac 63% (0.9s)
[17:00:23] [49/60] full 0.0001 s1 numpy_event_driven: 5103.0 us/step, peak RSS 246 MiB, ac 63% (5.5s)
[17:00:24] [50/60] full 1e-05 s3 compiled_time_step: 228.0 us/step, peak RSS 268 MiB, ac 63% (0.8s)
[17:00:25] [51/60] full 0.001 s2 compiled_event_driven: 592.8 us/step, peak RSS 273 MiB, ac 63% (1.2s)
[17:00:34] [52/60] full 0.01 s2 numpy_event_driven: 8015.8 us/step, peak RSS 258 MiB, ac 63% (8.5s)
[17:00:37] [53/60] full 0.1 s1 compiled_event_driven: 2453.6 us/step, peak RSS 327 MiB, ac 63% (3.1s)
[17:00:38] [54/60] full 0.001 s3 compiled_time_step: 377.2 us/step, peak RSS 268 MiB, ac 64% (1.1s)
[17:00:39] [55/60] full 0.001 s2 compiled_time_step: 312.4 us/step, peak RSS 268 MiB, ac 64% (0.9s)
[17:00:41] [56/60] full 0.1 s1 compiled_time_step: 1346.8 us/step, peak RSS 321 MiB, ac 64% (1.9s)
[17:00:42] [57/60] full 0.01 s3 compiled_time_step: 569.2 us/step, peak RSS 274 MiB, ac 64% (1.2s)
[17:00:43] [58/60] full 1e-05 s2 numpy_time_step: 754.9 us/step, peak RSS 229 MiB, ac 64% (1.2s)
[17:00:44] [59/60] full 1e-05 s2 compiled_time_step: 235.1 us/step, peak RSS 268 MiB, ac 64% (0.8s)
[17:00:46] [60/60] full 0.1 s3 compiled_time_step: 1220.6 us/step, peak RSS 321 MiB, ac 64% (1.8s)
