[16:27:53] expand_1k 1e-05 time_step/sparse: 2.6 us/step, 24 calls + 11 operator/subscript ops per step, transient 0.0 MiB
[16:27:53] expand_1k 1e-05 event_driven/sparse: 0.7 us/step, 4 calls + 10 operator/subscript ops per step, transient 0.1 MiB
[16:27:54] expand_1k 1e-05 event_driven/auto: 0.7 us/step, 3 calls + 10 operator/subscript ops per step, transient 0.1 MiB
[16:27:54] expand_1k 0.0001 time_step/sparse: 3.4 us/step, 25 calls + 13 operator/subscript ops per step, transient 0.1 MiB
[16:27:54] expand_1k 0.0001 event_driven/sparse: 3.8 us/step, 13 calls + 16 operator/subscript ops per step, transient 0.1 MiB
[16:27:54] expand_1k 0.0001 event_driven/auto: 3.1 us/step, 12 calls + 16 operator/subscript ops per step, transient 0.1 MiB
[16:27:54] expand_1k 0.001 time_step/sparse: 7.7 us/step, 33 calls + 27 operator/subscript ops per step, transient 0.1 MiB
[16:27:54] expand_1k 0.001 event_driven/sparse: 28.2 us/step, 71 calls + 44 operator/subscript ops per step, transient 0.1 MiB
[16:27:54] expand_1k 0.001 event_driven/auto: 25.3 us/step, 69 calls + 45 operator/subscript ops per step, transient 0.1 MiB
[16:27:54] expand_1k 0.01 time_step/sparse: 13.4 us/step, 41 calls + 35 operator/subscript ops per step, transient 0.1 MiB
[16:27:55] expand_1k 0.01 event_driven/sparse: 90.1 us/step, 104 calls + 55 operator/subscript ops per step, transient 0.2 MiB
[16:27:55] expand_1k 0.01 event_driven/auto: 51.7 us/step, 99 calls + 58 operator/subscript ops per step, transient 0.2 MiB
[16:27:55] expand_1k 0.1 time_step/sparse: 27.5 us/step, 41 calls + 35 operator/subscript ops per step, transient 0.5 MiB
[16:27:56] expand_1k 0.1 event_driven/sparse: 225.6 us/step, 104 calls + 55 operator/subscript ops per step, transient 0.8 MiB
[16:27:56] expand_1k 0.1 event_driven/auto: 83.9 us/step, 99 calls + 58 operator/subscript ops per step, transient 0.5 MiB
[16:27:56] expand_10k 1e-05 time_step/sparse: 7.7 us/step, 25 calls + 15 operator/subscript ops per step, transient 0.5 MiB
[16:27:56] expand_10k 1e-05 event_driven/sparse: 9.1 us/step, 20 calls + 20 operator/subscript ops per step, transient 0.8 MiB
[16:27:56] expand_10k 1e-05 event_driven/auto: 6.6 us/step, 20 calls + 20 operator/subscript ops per step, transient 0.6 MiB
[16:27:57] expand_10k 0.0001 time_step/sparse: 16.9 us/step, 33 calls + 27 operator/subscript ops per step, transient 0.5 MiB
[16:27:57] expand_10k 0.0001 event_driven/sparse: 50.8 us/step, 73 calls + 45 operator/subscript ops per step, transient 0.8 MiB
[16:27:57] expand_10k 0.0001 event_driven/auto: 39.9 us/step, 72 calls + 45 operator/subscript ops per step, transient 0.6 MiB
[16:27:57] expand_10k 0.001 time_step/sparse: 33.5 us/step, 41 calls + 35 operator/subscript ops per step, transient 0.4 MiB
[16:27:58] expand_10k 0.001 event_driven/sparse: 276.5 us/step, 104 calls + 55 operator/subscript ops per step, transient 0.8 MiB
[16:27:58] expand_10k 0.001 event_driven/auto: 187.1 us/step, 99 calls + 58 operator/subscript ops per step, transient 0.6 MiB
[16:27:58] expand_10k 0.01 time_step/sparse: 90.1 us/step, 41 calls + 35 operator/subscript ops per step, transient 1.1 MiB
[16:28:00] expand_10k 0.01 event_driven/sparse: 1186.4 us/step, 104 calls + 55 operator/subscript ops per step, transient 2.1 MiB
[16:28:01] expand_10k 0.01 event_driven/auto: 538.0 us/step, 99 calls + 58 operator/subscript ops per step, transient 1.3 MiB
[16:28:01] expand_10k 0.1 time_step/sparse: 337.4 us/step, 41 calls + 35 operator/subscript ops per step, transient 6.2 MiB
[16:28:07] expand_10k 0.1 event_driven/sparse: 4370.1 us/step, 104 calls + 55 operator/subscript ops per step, transient 11.8 MiB
[16:28:08] expand_10k 0.1 event_driven/auto: 1076.1 us/step, 99 calls + 58 operator/subscript ops per step, transient 6.5 MiB
[16:28:09] expand_50k 1e-05 time_step/sparse: 188.5 us/step, 41 calls + 33 operator/subscript ops per step, transient 4.5 MiB
[16:28:11] expand_50k 1e-05 event_driven/sparse: 1807.3 us/step, 91 calls + 53 operator/subscript ops per step, transient 8.6 MiB
[16:28:12] expand_50k 1e-05 event_driven/auto: 768.5 us/step, 86 calls + 56 operator/subscript ops per step, transient 5.5 MiB
[16:28:13] expand_50k 0.0001 time_step/sparse: 362.1 us/step, 41 calls + 35 operator/subscript ops per step, transient 5.2 MiB
[16:28:18] expand_50k 0.0001 event_driven/sparse: 4645.6 us/step, 104 calls + 55 operator/subscript ops per step, transient 9.4 MiB
[16:28:21] expand_50k 0.0001 event_driven/auto: 1755.8 us/step, 99 calls + 58 operator/subscript ops per step, transient 6.0 MiB
[16:28:21] expand_50k 0.001 time_step/sparse: 378.6 us/step, 41 calls + 35 operator/subscript ops per step, transient 5.4 MiB
[16:28:27] expand_50k 0.001 event_driven/sparse: 4940.4 us/step, 104 calls + 55 operator/subscript ops per step, transient 9.7 MiB
[16:28:30] expand_50k 0.001 event_driven/auto: 2149.2 us/step, 99 calls + 58 operator/subscript ops per step, transient 6.2 MiB
[16:28:31] expand_50k 0.01 time_step/sparse: 641.6 us/step, 41 calls + 35 operator/subscript ops per step, transient 8.6 MiB
[16:28:41] expand_50k 0.01 event_driven/sparse: 8312.5 us/step, 104 calls + 55 operator/subscript ops per step, transient 16.8 MiB
[16:28:45] expand_50k 0.01 event_driven/auto: 3126.8 us/step, 99 calls + 58 operator/subscript ops per step, transient 9.9 MiB
[16:28:48] expand_50k 0.1 time_step/sparse: 2286.1 us/step, 41 calls + 35 operator/subscript ops per step, transient 42.2 MiB
[16:29:17] expand_50k 0.1 event_driven/sparse: 24662.2 us/step, 104 calls + 55 operator/subscript ops per step, transient 78.0 MiB
[16:29:24] expand_50k 0.1 event_driven/auto: 5633.3 us/step, 99 calls + 58 operator/subscript ops per step, transient 43.6 MiB
