[14:11:32]   expand_50k rate 1e-05 seed 1 time_step/sparse: wall 0.060s updates 1.000 spikes/step 0.0035 peak RSS 154 MiB (0.5s)
[14:11:33]   expand_50k rate 1e-05 seed 1 event_driven/sparse: wall 0.635s updates 0.327 spikes/step 0.0035 peak RSS 165 MiB (1.0s)
[14:11:33]   expand_50k rate 1e-05 seed 1 event_driven/auto: wall 0.223s updates 0.327 spikes/step 0.0035 peak RSS 159 MiB (0.6s)
[14:11:34]   expand_50k rate 1e-05 seed 2 time_step/sparse: wall 0.062s updates 1.000 spikes/step 0.0036 peak RSS 154 MiB (0.4s)
[14:11:35]   expand_50k rate 1e-05 seed 2 event_driven/sparse: wall 0.617s updates 0.340 spikes/step 0.0036 peak RSS 162 MiB (1.0s)
[14:11:35]   expand_50k rate 1e-05 seed 2 event_driven/auto: wall 0.233s updates 0.340 spikes/step 0.0036 peak RSS 159 MiB (0.6s)
[14:11:36]   expand_50k rate 0.0001 seed 1 time_step/sparse: wall 0.111s updates 1.000 spikes/step 0.0077 peak RSS 155 MiB (0.5s)
[14:11:38]   expand_50k rate 0.0001 seed 1 event_driven/sparse: wall 1.410s updates 0.475 spikes/step 0.0077 peak RSS 169 MiB (1.8s)
[14:11:38]   expand_50k rate 0.0001 seed 1 event_driven/auto: wall 0.531s updates 0.475 spikes/step 0.0077 peak RSS 159 MiB (0.9s)
[14:11:39]   expand_50k rate 0.0001 seed 2 time_step/sparse: wall 0.076s updates 1.000 spikes/step 0.0052 peak RSS 154 MiB (0.4s)
[14:11:40]   expand_50k rate 0.0001 seed 2 event_driven/sparse: wall 0.953s updates 0.420 spikes/step 0.0052 peak RSS 161 MiB (1.3s)
[14:11:41]   expand_50k rate 0.0001 seed 2 event_driven/auto: wall 0.447s updates 0.420 spikes/step 0.0052 peak RSS 157 MiB (0.8s)
[14:11:42]   expand_50k rate 0.0005 seed 1 time_step/sparse: wall 0.105s updates 1.000 spikes/step 0.0072 peak RSS 157 MiB (0.5s)
[14:11:43]   expand_50k rate 0.0005 seed 1 event_driven/sparse: wall 1.341s updates 0.508 spikes/step 0.0072 peak RSS 165 MiB (1.7s)
[14:11:44]   expand_50k rate 0.0005 seed 1 event_driven/auto: wall 0.551s updates 0.508 spikes/step 0.0072 peak RSS 161 MiB (0.9s)
[14:11:45]   expand_50k rate 0.0005 seed 2 time_step/sparse: wall 0.092s updates 1.000 spikes/step 0.0064 peak RSS 154 MiB (0.5s)
[14:11:47]   expand_50k rate 0.0005 seed 2 event_driven/sparse: wall 1.334s updates 0.474 spikes/step 0.0064 peak RSS 169 MiB (1.7s)
[14:11:48]   expand_50k rate 0.0005 seed 2 event_driven/auto: wall 0.590s updates 0.474 spikes/step 0.0064 peak RSS 161 MiB (1.0s)
[14:11:48]   expand_50k rate 0.001 seed 1 time_step/sparse: wall 0.179s updates 1.000 spikes/step 0.0084 peak RSS 159 MiB (0.6s)
[14:11:50]   expand_50k rate 0.001 seed 1 event_driven/sparse: wall 1.637s updates 0.613 spikes/step 0.0084 peak RSS 170 MiB (2.0s)
[14:11:51]   expand_50k rate 0.001 seed 1 event_driven/auto: wall 0.680s updates 0.613 spikes/step 0.0084 peak RSS 162 MiB (1.1s)
[14:11:52]   expand_50k rate 0.001 seed 2 time_step/sparse: wall 0.116s updates 1.000 spikes/step 0.0079 peak RSS 157 MiB (0.5s)
[14:11:54]   expand_50k rate 0.001 seed 2 event_driven/sparse: wall 1.476s updates 0.585 spikes/step 0.0079 peak RSS 166 MiB (1.9s)
[14:11:55]   expand_50k rate 0.001 seed 2 event_driven/auto: wall 0.631s updates 0.585 spikes/step 0.0079 peak RSS 160 MiB (1.0s)
[14:11:55]   expand_50k rate 0.005 seed 1 time_step/sparse: wall 0.159s updates 1.000 spikes/step 0.0110 peak RSS 166 MiB (0.5s)
[14:11:58]   expand_50k rate 0.005 seed 1 event_driven/sparse: wall 2.003s updates 0.716 spikes/step 0.0110 peak RSS 175 MiB (2.4s)
[14:11:59]   expand_50k rate 0.005 seed 1 event_driven/auto: wall 0.808s updates 0.716 spikes/step 0.0110 peak RSS 165 MiB (1.2s)
[14:11:59]   expand_50k rate 0.005 seed 2 time_step/sparse: wall 0.153s updates 1.000 spikes/step 0.0109 peak RSS 164 MiB (0.5s)
[14:12:02]   expand_50k rate 0.005 seed 2 event_driven/sparse: wall 1.973s updates 0.717 spikes/step 0.0109 peak RSS 176 MiB (2.3s)
[14:12:03]   expand_50k rate 0.005 seed 2 event_driven/auto: wall 0.815s updates 0.717 spikes/step 0.0109 peak RSS 167 MiB (1.2s)
[14:12:04]   expand_50k rate 0.01 seed 1 time_step/sparse: wall 0.194s updates 1.000 spikes/step 0.0145 peak RSS 162 MiB (0.6s)
[14:12:06]   expand_50k rate 0.01 seed 1 event_driven/sparse: wall 2.510s updates 0.812 spikes/step 0.0145 peak RSS 176 MiB (2.9s)
[14:12:08]   expand_50k rate 0.01 seed 1 event_driven/auto: wall 0.955s updates 0.812 spikes/step 0.0145 peak RSS 166 MiB (1.3s)
[14:12:08]   expand_50k rate 0.01 seed 2 time_step/sparse: wall 0.205s updates 1.000 spikes/step 0.0147 peak RSS 167 MiB (0.6s)
[14:12:11]   expand_50k rate 0.01 seed 2 event_driven/sparse: wall 2.546s updates 0.816 spikes/step 0.0147 peak RSS 185 MiB (2.9s)
[14:12:13]   expand_50k rate 0.01 seed 2 event_driven/auto: wall 0.941s updates 0.816 spikes/step 0.0147 peak RSS 174 MiB (1.3s)
[14:12:14]   expand_50k rate 0.05 seed 1 time_step/sparse: wall 0.432s updates 1.000 spikes/step 0.0354 peak RSS 213 MiB (0.8s)
[14:12:19]   expand_50k rate 0.05 seed 1 event_driven/sparse: wall 4.928s updates 0.960 spikes/step 0.0354 peak RSS 240 MiB (5.3s)
[14:12:21]   expand_50k rate 0.05 seed 1 event_driven/auto: wall 1.374s updates 0.960 spikes/step 0.0354 peak RSS 220 MiB (1.7s)
[14:12:21]   expand_50k rate 0.05 seed 2 time_step/sparse: wall 0.417s updates 1.000 spikes/step 0.0353 peak RSS 205 MiB (0.8s)
[14:12:27]   expand_50k rate 0.05 seed 2 event_driven/sparse: wall 4.953s updates 0.959 spikes/step 0.0353 peak RSS 240 MiB (5.3s)
[14:12:28]   expand_50k rate 0.05 seed 2 event_driven/auto: wall 1.355s updates 0.959 spikes/step 0.0353 peak RSS 211 MiB (1.7s)
[14:12:30]   expand_50k rate 0.1 seed 1 time_step/sparse: wall 0.668s updates 1.000 spikes/step 0.0590 peak RSS 235 MiB (1.0s)
[14:12:37]   expand_50k rate 0.1 seed 1 event_driven/sparse: wall 7.477s updates 0.983 spikes/step 0.0590 peak RSS 294 MiB (7.8s)
[14:12:39]   expand_50k rate 0.1 seed 1 event_driven/auto: wall 1.701s updates 0.983 spikes/step 0.0590 peak RSS 241 MiB (2.1s)
[14:12:41]   expand_50k rate 0.1 seed 2 time_step/sparse: wall 0.681s updates 1.000 spikes/step 0.0596 peak RSS 241 MiB (1.1s)
[14:12:49]   expand_50k rate 0.1 seed 2 event_driven/sparse: wall 7.549s updates 0.984 spikes/step 0.0596 peak RSS 307 MiB (7.9s)
[14:12:51]   expand_50k rate 0.1 seed 2 event_driven/auto: wall 1.716s updates 0.984 spikes/step 0.0596 peak RSS 248 MiB (2.1s)
[14:12:52]   expand_50k rate 0.25 seed 1 time_step/sparse: wall 1.319s updates 1.000 spikes/step 0.1302 peak RSS 306 MiB (1.7s)
[14:13:07]   expand_50k rate 0.25 seed 1 event_driven/sparse: wall 14.684s updates 0.995 spikes/step 0.1302 peak RSS 384 MiB (15.1s)
[14:13:10]   expand_50k rate 0.25 seed 1 event_driven/auto: wall 2.583s updates 0.995 spikes/step 0.1302 peak RSS 312 MiB (3.0s)
[14:13:12]   expand_50k rate 0.25 seed 2 time_step/sparse: wall 1.322s updates 1.000 spikes/step 0.1308 peak RSS 286 MiB (1.7s)
[14:13:27]   expand_50k rate 0.25 seed 2 event_driven/sparse: wall 14.759s updates 0.995 spikes/step 0.1308 peak RSS 393 MiB (15.1s)
[14:13:30]   expand_50k rate 0.25 seed 2 event_driven/auto: wall 2.593s updates 0.995 spikes/step 0.1308 peak RSS 292 MiB (3.0s)
[14:13:33]   expand_50k rate 0.5 seed 1 time_step/sparse: wall 2.030s updates 1.000 spikes/step 0.2297 peak RSS 448 MiB (2.4s)
[14:13:57]   expand_50k rate 0.5 seed 1 event_driven/sparse: wall 24.272s updates 0.997 spikes/step 0.2297 peak RSS 538 MiB (24.6s)
[14:14:01]   expand_50k rate 0.5 seed 1 event_driven/auto: wall 3.578s updates 0.997 spikes/step 0.2297 peak RSS 454 MiB (4.0s)
[14:14:04]   expand_50k rate 0.5 seed 2 time_step/sparse: wall 1.985s updates 1.000 spikes/step 0.2294 peak RSS 353 MiB (2.4s)
[14:14:28]   expand_50k rate 0.5 seed 2 event_driven/sparse: wall 24.137s updates 0.997 spikes/step 0.2294 peak RSS 477 MiB (24.5s)
[14:14:32]   expand_50k rate 0.5 seed 2 event_driven/auto: wall 3.562s updates 0.997 spikes/step 0.2294 peak RSS 359 MiB (3.9s)
