[14:04:14]   neuropil_PB rate 1e-05 seed 1 time_step/sparse: wall 0.002s updates 1.000 spikes/step 0.0000 peak RSS 90 MiB (0.4s)
[14:04:15]   neuropil_PB rate 1e-05 seed 1 event_driven/sparse: wall 0.000s updates 0.000 spikes/step 0.0000 peak RSS 90 MiB (0.3s)
[14:04:15]   neuropil_PB rate 1e-05 seed 1 event_driven/auto: wall 0.000s updates 0.000 spikes/step 0.0000 peak RSS 90 MiB (0.3s)
[14:04:15]   neuropil_PB rate 0.0001 seed 1 time_step/sparse: wall 0.002s updates 1.000 spikes/step 0.0001 peak RSS 90 MiB (0.3s)
[14:04:16]   neuropil_PB rate 0.0001 seed 1 event_driven/sparse: wall 0.001s updates 0.002 spikes/step 0.0001 peak RSS 90 MiB (0.3s)
[14:04:16]   neuropil_PB rate 0.0001 seed 1 event_driven/auto: wall 0.000s updates 0.002 spikes/step 0.0001 peak RSS 90 MiB (0.3s)
[14:04:16]   neuropil_PB rate 0.0005 seed 1 time_step/sparse: wall 0.002s updates 1.000 spikes/step 0.0005 peak RSS 90 MiB (0.3s)
[14:04:17]   neuropil_PB rate 0.0005 seed 1 event_driven/sparse: wall 0.002s updates 0.013 spikes/step 0.0005 peak RSS 90 MiB (0.3s)
[14:04:17]   neuropil_PB rate 0.0005 seed 1 event_driven/auto: wall 0.001s updates 0.013 spikes/step 0.0005 peak RSS 90 MiB (0.3s)
[14:04:17]   neuropil_PB rate 0.001 seed 1 time_step/sparse: wall 0.002s updates 1.000 spikes/step 0.0009 peak RSS 90 MiB (0.3s)
[14:04:18]   neuropil_PB rate 0.001 seed 1 event_driven/sparse: wall 0.003s updates 0.022 spikes/step 0.0009 peak RSS 90 MiB (0.3s)
[14:04:18]   neuropil_PB rate 0.001 seed 1 event_driven/auto: wall 0.002s updates 0.022 spikes/step 0.0009 peak RSS 90 MiB (0.3s)
[14:04:18]   neuropil_PB rate 0.005 seed 1 time_step/sparse: wall 0.004s updates 1.000 spikes/step 0.0048 peak RSS 90 MiB (0.3s)
[14:04:19]   neuropil_PB rate 0.005 seed 1 event_driven/sparse: wall 0.010s updates 0.112 spikes/step 0.0048 peak RSS 90 MiB (0.4s)
[14:04:19]   neuropil_PB rate 0.005 seed 1 event_driven/auto: wall 0.009s updates 0.112 spikes/step 0.0048 peak RSS 90 MiB (0.4s)
[14:04:19]   neuropil_PB rate 0.01 seed 1 time_step/sparse: wall 0.005s updates 1.000 spikes/step 0.0093 peak RSS 90 MiB (0.3s)
[14:04:20]   neuropil_PB rate 0.01 seed 1 event_driven/sparse: wall 0.016s updates 0.195 spikes/step 0.0093 peak RSS 90 MiB (0.4s)
[14:04:20]   neuropil_PB rate 0.01 seed 1 event_driven/auto: wall 0.014s updates 0.195 spikes/step 0.0093 peak RSS 90 MiB (0.4s)
[14:04:20]   neuropil_PB rate 0.05 seed 1 time_step/sparse: wall 0.008s updates 1.000 spikes/step 0.0415 peak RSS 90 MiB (0.4s)
[14:04:21]   neuropil_PB rate 0.05 seed 1 event_driven/sparse: wall 0.027s updates 0.553 spikes/step 0.0415 peak RSS 90 MiB (0.4s)
[14:04:21]   neuropil_PB rate 0.05 seed 1 event_driven/auto: wall 0.020s updates 0.553 spikes/step 0.0415 peak RSS 90 MiB (0.4s)
[14:04:22]   neuropil_PB rate 0.1 seed 1 time_step/sparse: wall 0.009s updates 1.000 spikes/step 0.0738 peak RSS 90 MiB (0.4s)
[14:04:22]   neuropil_PB rate 0.1 seed 1 event_driven/sparse: wall 0.030s updates 0.725 spikes/step 0.0738 peak RSS 90 MiB (0.4s)
[14:04:22]   neuropil_PB rate 0.1 seed 1 event_driven/auto: wall 0.021s updates 0.725 spikes/step 0.0738 peak RSS 90 MiB (0.4s)
[14:04:23]   neuropil_PB rate 0.25 seed 1 time_step/sparse: wall 0.009s updates 1.000 spikes/step 0.1516 peak RSS 90 MiB (0.3s)
[14:04:23]   neuropil_PB rate 0.25 seed 1 event_driven/sparse: wall 0.036s updates 0.895 spikes/step 0.1516 peak RSS 90 MiB (0.4s)
[14:04:23]   neuropil_PB rate 0.25 seed 1 event_driven/auto: wall 0.023s updates 0.895 spikes/step 0.1516 peak RSS 90 MiB (0.4s)
[14:04:24]   neuropil_PB rate 0.5 seed 1 time_step/sparse: wall 0.010s updates 1.000 spikes/step 0.2371 peak RSS 90 MiB (0.4s)
[14:04:24]   neuropil_PB rate 0.5 seed 1 event_driven/sparse: wall 0.042s updates 0.967 spikes/step 0.2371 peak RSS 90 MiB (0.4s)
[14:04:25]   neuropil_PB rate 0.5 seed 1 event_driven/auto: wall 0.025s updates 0.967 spikes/step 0.2371 peak RSS 90 MiB (0.4s)
[14:04:25]   neuropil_SPS_R rate 1e-05 seed 1 time_step/sparse: wall 0.002s updates 1.000 spikes/step 0.0000 peak RSS 90 MiB (0.4s)
[14:04:25]   neuropil_SPS_R rate 1e-05 seed 1 event_driven/sparse: wall 0.001s updates 0.001 spikes/step 0.0000 peak RSS 90 MiB (0.3s)
[14:04:26]   neuropil_SPS_R rate 1e-05 seed 1 event_driven/auto: wall 0.001s updates 0.001 spikes/step 0.0000 peak RSS 90 MiB (0.3s)
[14:04:26]   neuropil_SPS_R rate 0.0001 seed 1 time_step/sparse: wall 0.005s updates 1.000 spikes/step 0.0045 peak RSS 90 MiB (0.3s)
[14:04:26]   neuropil_SPS_R rate 0.0001 seed 1 event_driven/sparse: wall 0.016s updates 0.108 spikes/step 0.0045 peak RSS 90 MiB (0.4s)
[14:04:27]   neuropil_SPS_R rate 0.0001 seed 1 event_driven/auto: wall 0.009s updates 0.108 spikes/step 0.0045 peak RSS 90 MiB (0.4s)
[14:04:27]   neuropil_SPS_R rate 0.0005 seed 1 time_step/sparse: wall 0.006s updates 1.000 spikes/step 0.0045 peak RSS 90 MiB (0.3s)
[14:04:27]   neuropil_SPS_R rate 0.0005 seed 1 event_driven/sparse: wall 0.022s updates 0.116 spikes/step 0.0045 peak RSS 91 MiB (0.4s)
[14:04:28]   neuropil_SPS_R rate 0.0005 seed 1 event_driven/auto: wall 0.016s updates 0.116 spikes/step 0.0045 peak RSS 91 MiB (0.4s)
[14:04:28]   neuropil_SPS_R rate 0.001 seed 1 time_step/sparse: wall 0.007s updates 1.000 spikes/step 0.0026 peak RSS 90 MiB (0.4s)
[14:04:28]   neuropil_SPS_R rate 0.001 seed 1 event_driven/sparse: wall 0.023s updates 0.088 spikes/step 0.0026 peak RSS 91 MiB (0.4s)
[14:04:29]   neuropil_SPS_R rate 0.001 seed 1 event_driven/auto: wall 0.020s updates 0.088 spikes/step 0.0026 peak RSS 91 MiB (0.4s)
[14:04:29]   neuropil_SPS_R rate 0.005 seed 1 time_step/sparse: wall 0.011s updates 1.000 spikes/step 0.0082 peak RSS 90 MiB (0.3s)
[14:04:30]   neuropil_SPS_R rate 0.005 seed 1 event_driven/sparse: wall 0.043s updates 0.245 spikes/step 0.0082 peak RSS 91 MiB (0.4s)
[14:04:30]   neuropil_SPS_R rate 0.005 seed 1 event_driven/auto: wall 0.033s updates 0.245 spikes/step 0.0082 peak RSS 91 MiB (0.4s)
[14:04:30]   neuropil_SPS_R rate 0.01 seed 1 time_step/sparse: wall 0.011s updates 1.000 spikes/step 0.0145 peak RSS 90 MiB (0.4s)
[14:04:31]   neuropil_SPS_R rate 0.01 seed 1 event_driven/sparse: wall 0.054s updates 0.364 spikes/step 0.0145 peak RSS 91 MiB (0.4s)
[14:04:31]   neuropil_SPS_R rate 0.01 seed 1 event_driven/auto: wall 0.038s updates 0.364 spikes/step 0.0145 peak RSS 91 MiB (0.4s)
[14:04:31]   neuropil_SPS_R rate 0.05 seed 1 time_step/sparse: wall 0.016s updates 1.000 spikes/step 0.0487 peak RSS 90 MiB (0.4s)
[14:04:32]   neuropil_SPS_R rate 0.05 seed 1 event_driven/sparse: wall 0.106s updates 0.678 spikes/step 0.0487 peak RSS 91 MiB (0.4s)
[14:04:32]   neuropil_SPS_R rate 0.05 seed 1 event_driven/auto: wall 0.059s updates 0.678 spikes/step 0.0487 peak RSS 91 MiB (0.4s)
[14:04:33]   neuropil_SPS_R rate 0.1 seed 1 time_step/sparse: wall 0.019s updates 1.000 spikes/step 0.0818 peak RSS 90 MiB (0.4s)
[14:04:33]   neuropil_SPS_R rate 0.1 seed 1 event_driven/sparse: wall 0.148s updates 0.803 spikes/step 0.0818 peak RSS 91 MiB (0.5s)
[14:04:34]   neuropil_SPS_R rate 0.1 seed 1 event_driven/auto: wall 0.070s updates 0.803 spikes/step 0.0818 peak RSS 91 MiB (0.4s)
[14:04:34]   neuropil_SPS_R rate 0.25 seed 1 time_step/sparse: wall 0.027s updates 1.000 spikes/step 0.1602 peak RSS 91 MiB (0.4s)
[14:04:35]   neuropil_SPS_R rate 0.25 seed 1 event_driven/sparse: wall 0.234s updates 0.921 spikes/step 0.1602 peak RSS 91 MiB (0.6s)
[14:04:35]   neuropil_SPS_R rate 0.25 seed 1 event_driven/auto: wall 0.084s updates 0.921 spikes/step 0.1602 peak RSS 91 MiB (0.4s)
[14:04:35]   neuropil_SPS_R rate 0.5 seed 1 time_step/sparse: wall 0.036s updates 1.000 spikes/step 0.2414 peak RSS 92 MiB (0.4s)
[14:04:36]   neuropil_SPS_R rate 0.5 seed 1 event_driven/sparse: wall 0.324s updates 0.969 spikes/step 0.2414 peak RSS 92 MiB (0.7s)
[14:04:36]   neuropil_SPS_R rate 0.5 seed 1 event_driven/auto: wall 0.103s updates 0.969 spikes/step 0.2414 peak RSS 93 MiB (0.5s)
[14:04:37]   neuropil_LO_R rate 1e-05 seed 1 time_step/sparse: wall 0.017s updates 1.000 spikes/step 0.0017 peak RSS 97 MiB (0.4s)
[14:04:37]   neuropil_LO_R rate 1e-05 seed 1 event_driven/sparse: wall 0.093s updates 0.101 spikes/step 0.0017 peak RSS 100 MiB (0.4s)
[14:04:38]   neuropil_LO_R rate 1e-05 seed 1 event_driven/auto: wall 0.038s updates 0.101 spikes/step 0.0017 peak RSS 99 MiB (0.4s)
[14:04:38]   neuropil_LO_R rate 0.0001 seed 1 time_step/sparse: wall 0.024s updates 1.000 spikes/step 0.0021 peak RSS 95 MiB (0.4s)
[14:04:39]   neuropil_LO_R rate 0.0001 seed 1 event_driven/sparse: wall 0.154s updates 0.153 spikes/step 0.0021 peak RSS 97 MiB (0.5s)
[14:04:39]   neuropil_LO_R rate 0.0001 seed 1 event_driven/auto: wall 0.090s updates 0.153 spikes/step 0.0021 peak RSS 97 MiB (0.4s)
[14:04:40]   neuropil_LO_R rate 0.0005 seed 1 time_step/sparse: wall 0.032s updates 1.000 spikes/step 0.0036 peak RSS 95 MiB (0.4s)
[14:04:40]   neuropil_LO_R rate 0.0005 seed 1 event_driven/sparse: wall 0.277s updates 0.255 spikes/step 0.0036 peak RSS 98 MiB (0.6s)
[14:04:41]   neuropil_LO_R rate 0.0005 seed 1 event_driven/auto: wall 0.172s updates 0.255 spikes/step 0.0036 peak RSS 97 MiB (0.5s)
[14:04:41]   neuropil_LO_R rate 0.001 seed 1 time_step/sparse: wall 0.037s updates 1.000 spikes/step 0.0050 peak RSS 97 MiB (0.4s)
[14:04:42]   neuropil_LO_R rate 0.001 seed 1 event_driven/sparse: wall 0.352s updates 0.320 spikes/step 0.0050 peak RSS 101 MiB (0.7s)
[14:04:42]   neuropil_LO_R rate 0.001 seed 1 event_driven/auto: wall 0.215s updates 0.320 spikes/step 0.0050 peak RSS 99 MiB (0.6s)
[14:04:43]   neuropil_LO_R rate 0.005 seed 1 time_step/sparse: wall 0.053s updates 1.000 spikes/step 0.0111 peak RSS 96 MiB (0.4s)
[14:04:44]   neuropil_LO_R rate 0.005 seed 1 event_driven/sparse: wall 0.617s updates 0.494 spikes/step 0.0111 peak RSS 98 MiB (1.0s)
[14:04:44]   neuropil_LO_R rate 0.005 seed 1 event_driven/auto: wall 0.330s updates 0.494 spikes/step 0.0111 peak RSS 98 MiB (0.7s)
[14:04:45]   neuropil_LO_R rate 0.01 seed 1 time_step/sparse: wall 0.064s updates 1.000 spikes/step 0.0145 peak RSS 95 MiB (0.4s)
[14:04:46]   neuropil_LO_R rate 0.01 seed 1 event_driven/sparse: wall 0.789s updates 0.569 spikes/step 0.0145 peak RSS 98 MiB (1.1s)
[14:04:47]   neuropil_LO_R rate 0.01 seed 1 event_driven/auto: wall 0.385s updates 0.569 spikes/step 0.0145 peak RSS 97 MiB (0.7s)
[14:04:47]   neuropil_LO_R rate 0.05 seed 1 time_step/sparse: wall 0.111s updates 1.000 spikes/step 0.0350 peak RSS 99 MiB (0.5s)
[14:04:49]   neuropil_LO_R rate 0.05 seed 1 event_driven/sparse: wall 1.487s updates 0.771 spikes/step 0.0350 peak RSS 104 MiB (1.8s)
[14:04:50]   neuropil_LO_R rate 0.05 seed 1 event_driven/auto: wall 0.562s updates 0.771 spikes/step 0.0350 peak RSS 101 MiB (0.9s)
[14:04:50]   neuropil_LO_R rate 0.1 seed 1 time_step/sparse: wall 0.153s updates 1.000 spikes/step 0.0517 peak RSS 103 MiB (0.5s)
[14:04:53]   neuropil_LO_R rate 0.1 seed 1 event_driven/sparse: wall 2.025s updates 0.855 spikes/step 0.0517 peak RSS 110 MiB (2.4s)
[14:04:54]   neuropil_LO_R rate 0.1 seed 1 event_driven/auto: wall 0.684s updates 0.855 spikes/step 0.0517 peak RSS 105 MiB (1.0s)
[14:04:55]   neuropil_LO_R rate 0.25 seed 1 time_step/sparse: wall 0.245s updates 1.000 spikes/step 0.1021 peak RSS 111 MiB (0.6s)
[14:04:58]   neuropil_LO_R rate 0.25 seed 1 event_driven/sparse: wall 3.294s updates 0.928 spikes/step 0.1021 peak RSS 124 MiB (3.6s)
[14:04:59]   neuropil_LO_R rate 0.25 seed 1 event_driven/auto: wall 0.874s updates 0.928 spikes/step 0.1021 peak RSS 114 MiB (1.2s)
[14:05:00]   neuropil_LO_R rate 0.5 seed 1 time_step/sparse: wall 0.366s updates 1.000 spikes/step 0.1891 peak RSS 125 MiB (0.7s)
[14:05:05]   neuropil_LO_R rate 0.5 seed 1 event_driven/sparse: wall 4.882s updates 0.971 spikes/step 0.1891 peak RSS 134 MiB (5.2s)
[14:05:07]   neuropil_LO_R rate 0.5 seed 1 event_driven/auto: wall 1.112s updates 0.971 spikes/step 0.1891 peak RSS 127 MiB (1.5s)
