[14:00:10]   expand_100 rate 1e-05 seed 1 time_step/sparse: wall 0.002s updates 1.000 spikes/step 0.0000 peak RSS 90 MiB (0.4s)
[14:00:10]   expand_100 rate 1e-05 seed 1 event_driven/sparse: wall 0.000s updates 0.000 spikes/step 0.0000 peak RSS 90 MiB (0.3s)
[14:00:11]   expand_100 rate 1e-05 seed 1 event_driven/auto: wall 0.000s updates 0.000 spikes/step 0.0000 peak RSS 90 MiB (0.3s)
[14:00:11]   expand_100 rate 1e-05 seed 2 time_step/sparse: wall 0.002s updates 1.000 spikes/step 0.0000 peak RSS 90 MiB (0.3s)
[14:00:11]   expand_100 rate 1e-05 seed 2 event_driven/sparse: wall 0.000s updates 0.000 spikes/step 0.0000 peak RSS 90 MiB (0.3s)
[14:00:12]   expand_100 rate 1e-05 seed 2 event_driven/auto: wall 0.000s updates 0.000 spikes/step 0.0000 peak RSS 90 MiB (0.3s)
[14:00:12]   expand_100 rate 1e-05 seed 3 time_step/sparse: wall 0.002s updates 1.000 spikes/step 0.0000 peak RSS 90 MiB (0.3s)
[14:00:12]   expand_100 rate 1e-05 seed 3 event_driven/sparse: wall 0.000s updates 0.000 spikes/step 0.0000 peak RSS 90 MiB (0.3s)
[14:00:13]   expand_100 rate 1e-05 seed 3 event_driven/auto: wall 0.000s updates 0.000 spikes/step 0.0000 peak RSS 90 MiB (0.3s)
[14:00:13]   expand_100 rate 0.0001 seed 1 time_step/sparse: wall 0.002s updates 1.000 spikes/step 0.0005 peak RSS 90 MiB (0.3s)
[14:00:13]   expand_100 rate 0.0001 seed 1 event_driven/sparse: wall 0.001s updates 0.008 spikes/step 0.0005 peak RSS 90 MiB (0.3s)
[14:00:14]   expand_100 rate 0.0001 seed 1 event_driven/auto: wall 0.001s updates 0.008 spikes/step 0.0005 peak RSS 90 MiB (0.3s)
[14:00:14]   expand_100 rate 0.0001 seed 2 time_step/sparse: wall 0.002s updates 1.000 spikes/step 0.0004 peak RSS 90 MiB (0.3s)
[14:00:14]   expand_100 rate 0.0001 seed 2 event_driven/sparse: wall 0.001s updates 0.006 spikes/step 0.0004 peak RSS 90 MiB (0.3s)
[14:00:15]   expand_100 rate 0.0001 seed 2 event_driven/auto: wall 0.001s updates 0.006 spikes/step 0.0004 peak RSS 90 MiB (0.3s)
[14:00:15]   expand_100 rate 0.0001 seed 3 time_step/sparse: wall 0.002s updates 1.000 spikes/step 0.0005 peak RSS 90 MiB (0.3s)
[14:00:15]   expand_100 rate 0.0001 seed 3 event_driven/sparse: wall 0.001s updates 0.008 spikes/step 0.0005 peak RSS 90 MiB (0.3s)
[14:00:16]   expand_100 rate 0.0001 seed 3 event_driven/auto: wall 0.001s updates 0.008 spikes/step 0.0005 peak RSS 90 MiB (0.3s)
[14:00:16]   expand_100 rate 0.0005 seed 1 time_step/sparse: wall 0.002s updates 1.000 spikes/step 0.0026 peak RSS 90 MiB (0.3s)
[14:00:16]   expand_100 rate 0.0005 seed 1 event_driven/sparse: wall 0.003s updates 0.038 spikes/step 0.0026 peak RSS 90 MiB (0.3s)
[14:00:17]   expand_100 rate 0.0005 seed 1 event_driven/auto: wall 0.002s updates 0.038 spikes/step 0.0026 peak RSS 90 MiB (0.3s)
[14:00:17]   expand_100 rate 0.0005 seed 2 time_step/sparse: wall 0.002s updates 1.000 spikes/step 0.0026 peak RSS 90 MiB (0.3s)
[14:00:17]   expand_100 rate 0.0005 seed 2 event_driven/sparse: wall 0.003s updates 0.040 spikes/step 0.0026 peak RSS 90 MiB (0.3s)
[14:00:18]   expand_100 rate 0.0005 seed 2 event_driven/auto: wall 0.002s updates 0.040 spikes/step 0.0026 peak RSS 90 MiB (0.3s)
[14:00:18]   expand_100 rate 0.0005 seed 3 time_step/sparse: wall 0.002s updates 1.000 spikes/step 0.0036 peak RSS 90 MiB (0.3s)
[14:00:18]   expand_100 rate 0.0005 seed 3 event_driven/sparse: wall 0.003s updates 0.057 spikes/step 0.0036 peak RSS 90 MiB (0.4s)
[14:00:19]   expand_100 rate 0.0005 seed 3 event_driven/auto: wall 0.002s updates 0.057 spikes/step 0.0036 peak RSS 90 MiB (0.4s)
[14:00:19]   expand_100 rate 0.001 seed 1 time_step/sparse: wall 0.003s updates 1.000 spikes/step 0.0031 peak RSS 90 MiB (0.4s)
[14:00:20]   expand_100 rate 0.001 seed 1 event_driven/sparse: wall 0.004s updates 0.055 spikes/step 0.0031 peak RSS 90 MiB (0.4s)
[14:00:20]   expand_100 rate 0.001 seed 1 event_driven/auto: wall 0.003s updates 0.055 spikes/step 0.0031 peak RSS 91 MiB (0.4s)
[14:00:20]   expand_100 rate 0.001 seed 2 time_step/sparse: wall 0.003s updates 1.000 spikes/step 0.0060 peak RSS 90 MiB (0.4s)
[14:00:21]   expand_100 rate 0.001 seed 2 event_driven/sparse: wall 0.005s updates 0.093 spikes/step 0.0060 peak RSS 90 MiB (0.4s)
[14:00:21]   expand_100 rate 0.001 seed 2 event_driven/auto: wall 0.004s updates 0.093 spikes/step 0.0060 peak RSS 90 MiB (0.4s)
[14:00:21]   expand_100 rate 0.001 seed 3 time_step/sparse: wall 0.003s updates 1.000 spikes/step 0.0058 peak RSS 90 MiB (0.4s)
[14:00:22]   expand_100 rate 0.001 seed 3 event_driven/sparse: wall 0.005s updates 0.099 spikes/step 0.0058 peak RSS 90 MiB (0.4s)
[14:00:22]   expand_100 rate 0.001 seed 3 event_driven/auto: wall 0.004s updates 0.099 spikes/step 0.0058 peak RSS 90 MiB (0.4s)
[14:00:22]   expand_100 rate 0.005 seed 1 time_step/sparse: wall 0.004s updates 1.000 spikes/step 0.0105 peak RSS 90 MiB (0.4s)
[14:00:23]   expand_100 rate 0.005 seed 1 event_driven/sparse: wall 0.012s updates 0.212 spikes/step 0.0105 peak RSS 90 MiB (0.4s)
[14:00:23]   expand_100 rate 0.005 seed 1 event_driven/auto: wall 0.010s updates 0.212 spikes/step 0.0105 peak RSS 90 MiB (0.4s)
[14:00:24]   expand_100 rate 0.005 seed 2 time_step/sparse: wall 0.004s updates 1.000 spikes/step 0.0115 peak RSS 90 MiB (0.4s)
[14:00:24]   expand_100 rate 0.005 seed 2 event_driven/sparse: wall 0.013s updates 0.229 spikes/step 0.0115 peak RSS 91 MiB (0.4s)
[14:00:24]   expand_100 rate 0.005 seed 2 event_driven/auto: wall 0.010s updates 0.229 spikes/step 0.0115 peak RSS 90 MiB (0.4s)
[14:00:25]   expand_100 rate 0.005 seed 3 time_step/sparse: wall 0.004s updates 1.000 spikes/step 0.0111 peak RSS 90 MiB (0.4s)
[14:00:25]   expand_100 rate 0.005 seed 3 event_driven/sparse: wall 0.013s updates 0.219 spikes/step 0.0111 peak RSS 90 MiB (0.4s)
[14:00:25]   expand_100 rate 0.005 seed 3 event_driven/auto: wall 0.010s updates 0.219 spikes/step 0.0111 peak RSS 90 MiB (0.4s)
[14:00:26]   expand_100 rate 0.01 seed 1 time_step/sparse: wall 0.006s updates 1.000 spikes/step 0.0207 peak RSS 90 MiB (0.3s)
[14:00:26]   expand_100 rate 0.01 seed 1 event_driven/sparse: wall 0.019s updates 0.383 spikes/step 0.0207 peak RSS 90 MiB (0.4s)
[14:00:26]   expand_100 rate 0.01 seed 1 event_driven/auto: wall 0.015s updates 0.383 spikes/step 0.0207 peak RSS 90 MiB (0.4s)
[14:00:27]   expand_100 rate 0.01 seed 2 time_step/sparse: wall 0.006s updates 1.000 spikes/step 0.0180 peak RSS 90 MiB (0.4s)
[14:00:27]   expand_100 rate 0.01 seed 2 event_driven/sparse: wall 0.018s updates 0.339 spikes/step 0.0180 peak RSS 90 MiB (0.4s)
[14:00:27]   expand_100 rate 0.01 seed 2 event_driven/auto: wall 0.014s updates 0.339 spikes/step 0.0180 peak RSS 90 MiB (0.4s)
[14:00:28]   expand_100 rate 0.01 seed 3 time_step/sparse: wall 0.006s updates 1.000 spikes/step 0.0192 peak RSS 90 MiB (0.4s)
[14:00:28]   expand_100 rate 0.01 seed 3 event_driven/sparse: wall 0.018s updates 0.354 spikes/step 0.0192 peak RSS 90 MiB (0.4s)
[14:00:29]   expand_100 rate 0.01 seed 3 event_driven/auto: wall 0.014s updates 0.354 spikes/step 0.0192 peak RSS 90 MiB (0.4s)
[14:00:29]   expand_100 rate 0.05 seed 1 time_step/sparse: wall 0.008s updates 1.000 spikes/step 0.0403 peak RSS 90 MiB (0.3s)
[14:00:29]   expand_100 rate 0.05 seed 1 event_driven/sparse: wall 0.028s updates 0.663 spikes/step 0.0403 peak RSS 90 MiB (0.4s)
[14:00:30]   expand_100 rate 0.05 seed 1 event_driven/auto: wall 0.021s updates 0.663 spikes/step 0.0403 peak RSS 90 MiB (0.4s)
[14:00:30]   expand_100 rate 0.05 seed 2 time_step/sparse: wall 0.008s updates 1.000 spikes/step 0.0417 peak RSS 90 MiB (0.4s)
[14:00:30]   expand_100 rate 0.05 seed 2 event_driven/sparse: wall 0.028s updates 0.672 spikes/step 0.0417 peak RSS 90 MiB (0.4s)
[14:00:31]   expand_100 rate 0.05 seed 2 event_driven/auto: wall 0.021s updates 0.672 spikes/step 0.0417 peak RSS 90 MiB (0.4s)
[14:00:31]   expand_100 rate 0.05 seed 3 time_step/sparse: wall 0.009s updates 1.000 spikes/step 0.0464 peak RSS 90 MiB (0.4s)
[14:00:32]   expand_100 rate 0.05 seed 3 event_driven/sparse: wall 0.029s updates 0.708 spikes/step 0.0464 peak RSS 90 MiB (0.4s)
[14:00:32]   expand_100 rate 0.05 seed 3 event_driven/auto: wall 0.021s updates 0.708 spikes/step 0.0464 peak RSS 90 MiB (0.4s)
[14:00:32]   expand_100 rate 0.1 seed 1 time_step/sparse: wall 0.009s updates 1.000 spikes/step 0.0575 peak RSS 90 MiB (0.4s)
[14:00:33]   expand_100 rate 0.1 seed 1 event_driven/sparse: wall 0.031s updates 0.800 spikes/step 0.0575 peak RSS 90 MiB (0.4s)
[14:00:33]   expand_100 rate 0.1 seed 1 event_driven/auto: wall 0.022s updates 0.800 spikes/step 0.0575 peak RSS 90 MiB (0.4s)
[14:00:33]   expand_100 rate 0.1 seed 2 time_step/sparse: wall 0.009s updates 1.000 spikes/step 0.0603 peak RSS 90 MiB (0.4s)
[14:00:34]   expand_100 rate 0.1 seed 2 event_driven/sparse: wall 0.032s updates 0.817 spikes/step 0.0603 peak RSS 90 MiB (0.4s)
[14:00:34]   expand_100 rate 0.1 seed 2 event_driven/auto: wall 0.022s updates 0.817 spikes/step 0.0603 peak RSS 90 MiB (0.4s)
[14:00:34]   expand_100 rate 0.1 seed 3 time_step/sparse: wall 0.009s updates 1.000 spikes/step 0.0624 peak RSS 90 MiB (0.4s)
[14:00:35]   expand_100 rate 0.1 seed 3 event_driven/sparse: wall 0.032s updates 0.826 spikes/step 0.0624 peak RSS 91 MiB (0.4s)
[14:00:35]   expand_100 rate 0.1 seed 3 event_driven/auto: wall 0.022s updates 0.826 spikes/step 0.0624 peak RSS 90 MiB (0.4s)
[14:00:36]   expand_100 rate 0.25 seed 1 time_step/sparse: wall 0.009s updates 1.000 spikes/step 0.0910 peak RSS 90 MiB (0.4s)
[14:00:36]   expand_100 rate 0.25 seed 1 event_driven/sparse: wall 0.036s updates 0.926 spikes/step 0.0910 peak RSS 90 MiB (0.4s)
[14:00:36]   expand_100 rate 0.25 seed 1 event_driven/auto: wall 0.024s updates 0.926 spikes/step 0.0910 peak RSS 90 MiB (0.4s)
[14:00:37]   expand_100 rate 0.25 seed 2 time_step/sparse: wall 0.009s updates 1.000 spikes/step 0.0911 peak RSS 90 MiB (0.4s)
[14:00:37]   expand_100 rate 0.25 seed 2 event_driven/sparse: wall 0.036s updates 0.933 spikes/step 0.0911 peak RSS 90 MiB (0.4s)
[14:00:37]   expand_100 rate 0.25 seed 2 event_driven/auto: wall 0.023s updates 0.933 spikes/step 0.0911 peak RSS 90 MiB (0.4s)
[14:00:38]   expand_100 rate 0.25 seed 3 time_step/sparse: wall 0.009s updates 1.000 spikes/step 0.0911 peak RSS 90 MiB (0.3s)
[14:00:38]   expand_100 rate 0.25 seed 3 event_driven/sparse: wall 0.036s updates 0.928 spikes/step 0.0911 peak RSS 90 MiB (0.4s)
[14:00:39]   expand_100 rate 0.25 seed 3 event_driven/auto: wall 0.024s updates 0.928 spikes/step 0.0911 peak RSS 90 MiB (0.4s)
[14:00:39]   expand_100 rate 0.5 seed 1 time_step/sparse: wall 0.010s updates 1.000 spikes/step 0.1287 peak RSS 90 MiB (0.4s)
[14:00:39]   expand_100 rate 0.5 seed 1 event_driven/sparse: wall 0.039s updates 0.973 spikes/step 0.1287 peak RSS 90 MiB (0.4s)
[14:00:40]   expand_100 rate 0.5 seed 1 event_driven/auto: wall 0.024s updates 0.973 spikes/step 0.1287 peak RSS 90 MiB (0.4s)
[14:00:40]   expand_100 rate 0.5 seed 2 time_step/sparse: wall 0.010s updates 1.000 spikes/step 0.1345 peak RSS 90 MiB (0.4s)
[14:00:40]   expand_100 rate 0.5 seed 2 event_driven/sparse: wall 0.040s updates 0.977 spikes/step 0.1345 peak RSS 90 MiB (0.4s)
[14:00:41]   expand_100 rate 0.5 seed 2 event_driven/auto: wall 0.024s updates 0.977 spikes/step 0.1345 peak RSS 90 MiB (0.4s)
[14:00:41]   expand_100 rate 0.5 seed 3 time_step/sparse: wall 0.010s updates 1.000 spikes/step 0.1291 peak RSS 90 MiB (0.4s)
[14:00:42]   expand_100 rate 0.5 seed 3 event_driven/sparse: wall 0.040s updates 0.974 spikes/step 0.1291 peak RSS 90 MiB (0.4s)
[14:00:42]   expand_100 rate 0.5 seed 3 event_driven/auto: wall 0.025s updates 0.974 spikes/step 0.1291 peak RSS 90 MiB (0.4s)
[14:00:42]   expand_1k rate 1e-05 seed 1 time_step/sparse: wall 0.002s updates 1.000 spikes/step 0.0000 peak RSS 90 MiB (0.4s)
[14:00:43]   expand_1k rate 1e-05 seed 1 event_driven/sparse: wall 0.001s updates 0.002 spikes/step 0.0000 peak RSS 90 MiB (0.3s)
[14:00:43]   expand_1k rate 1e-05 seed 1 event_driven/auto: wall 0.001s updates 0.002 spikes/step 0.0000 peak RSS 90 MiB (0.4s)
[14:00:43]   expand_1k rate 1e-05 seed 2 time_step/sparse: wall 0.002s updates 1.000 spikes/step 0.0000 peak RSS 90 MiB (0.3s)
[14:00:44]   expand_1k rate 1e-05 seed 2 event_driven/sparse: wall 0.001s updates 0.003 spikes/step 0.0000 peak RSS 90 MiB (0.3s)
[14:00:44]   expand_1k rate 1e-05 seed 2 event_driven/auto: wall 0.001s updates 0.003 spikes/step 0.0000 peak RSS 90 MiB (0.3s)
[14:00:44]   expand_1k rate 1e-05 seed 3 time_step/sparse: wall 0.002s updates 1.000 spikes/step 0.0001 peak RSS 90 MiB (0.4s)
[14:00:45]   expand_1k rate 1e-05 seed 3 event_driven/sparse: wall 0.001s updates 0.003 spikes/step 0.0001 peak RSS 90 MiB (0.3s)
[14:00:45]   expand_1k rate 1e-05 seed 3 event_driven/auto: wall 0.001s updates 0.003 spikes/step 0.0001 peak RSS 90 MiB (0.3s)
[14:00:45]   expand_1k rate 0.0001 seed 1 time_step/sparse: wall 0.003s updates 1.000 spikes/step 0.0006 peak RSS 90 MiB (0.3s)
[14:00:46]   expand_1k rate 0.0001 seed 1 event_driven/sparse: wall 0.006s updates 0.034 spikes/step 0.0006 peak RSS 91 MiB (0.4s)
[14:00:46]   expand_1k rate 0.0001 seed 1 event_driven/auto: wall 0.005s updates 0.034 spikes/step 0.0006 peak RSS 91 MiB (0.4s)
[14:00:47]   expand_1k rate 0.0001 seed 2 time_step/sparse: wall 0.004s updates 1.000 spikes/step 0.0004 peak RSS 90 MiB (0.3s)
[14:00:47]   expand_1k rate 0.0001 seed 2 event_driven/sparse: wall 0.006s updates 0.030 spikes/step 0.0004 peak RSS 91 MiB (0.4s)
[14:00:47]   expand_1k rate 0.0001 seed 2 event_driven/auto: wall 0.005s updates 0.030 spikes/step 0.0004 peak RSS 91 MiB (0.4s)
[14:00:48]   expand_1k rate 0.0001 seed 3 time_step/sparse: wall 0.003s updates 1.000 spikes/step 0.0003 peak RSS 90 MiB (0.4s)
[14:00:48]   expand_1k rate 0.0001 seed 3 event_driven/sparse: wall 0.005s updates 0.022 spikes/step 0.0003 peak RSS 91 MiB (0.4s)
[14:00:48]   expand_1k rate 0.0001 seed 3 event_driven/auto: wall 0.004s updates 0.022 spikes/step 0.0003 peak RSS 91 MiB (0.4s)
[14:00:49]   expand_1k rate 0.0005 seed 1 time_step/sparse: wall 0.006s updates 1.000 spikes/step 0.0014 peak RSS 90 MiB (0.4s)
[14:00:49]   expand_1k rate 0.0005 seed 1 event_driven/sparse: wall 0.018s updates 0.099 spikes/step 0.0014 peak RSS 91 MiB (0.4s)
[14:00:49]   expand_1k rate 0.0005 seed 1 event_driven/auto: wall 0.014s updates 0.099 spikes/step 0.0014 peak RSS 91 MiB (0.4s)
[14:00:50]   expand_1k rate 0.0005 seed 2 time_step/sparse: wall 0.006s updates 1.000 spikes/step 0.0020 peak RSS 90 MiB (0.3s)
[14:00:50]   expand_1k rate 0.0005 seed 2 event_driven/sparse: wall 0.021s updates 0.119 spikes/step 0.0020 peak RSS 91 MiB (0.4s)
[14:00:50]   expand_1k rate 0.0005 seed 2 event_driven/auto: wall 0.016s updates 0.119 spikes/step 0.0020 peak RSS 91 MiB (0.4s)
[14:00:51]   expand_1k rate 0.0005 seed 3 time_step/sparse: wall 0.006s updates 1.000 spikes/step 0.0016 peak RSS 90 MiB (0.4s)
[14:00:51]   expand_1k rate 0.0005 seed 3 event_driven/sparse: wall 0.020s updates 0.109 spikes/step 0.0016 peak RSS 91 MiB (0.4s)
[14:00:52]   expand_1k rate 0.0005 seed 3 event_driven/auto: wall 0.015s updates 0.109 spikes/step 0.0016 peak RSS 91 MiB (0.4s)
[14:00:52]   expand_1k rate 0.001 seed 1 time_step/sparse: wall 0.008s updates 1.000 spikes/step 0.0027 peak RSS 91 MiB (0.4s)
[14:00:52]   expand_1k rate 0.001 seed 1 event_driven/sparse: wall 0.030s updates 0.177 spikes/step 0.0027 peak RSS 92 MiB (0.4s)
[14:00:53]   expand_1k rate 0.001 seed 1 event_driven/auto: wall 0.022s updates 0.177 spikes/step 0.0027 peak RSS 93 MiB (0.4s)
[14:00:53]   expand_1k rate 0.001 seed 2 time_step/sparse: wall 0.008s updates 1.000 spikes/step 0.0031 peak RSS 90 MiB (0.4s)
[14:00:53]   expand_1k rate 0.001 seed 2 event_driven/sparse: wall 0.033s updates 0.198 spikes/step 0.0031 peak RSS 92 MiB (0.4s)
[14:00:54]   expand_1k rate 0.001 seed 2 event_driven/auto: wall 0.024s updates 0.198 spikes/step 0.0031 peak RSS 91 MiB (0.4s)
[14:00:54]   expand_1k rate 0.001 seed 3 time_step/sparse: wall 0.008s updates 1.000 spikes/step 0.0031 peak RSS 91 MiB (0.4s)
[14:00:55]   expand_1k rate 0.001 seed 3 event_driven/sparse: wall 0.032s updates 0.192 spikes/step 0.0031 peak RSS 92 MiB (0.4s)
[14:00:55]   expand_1k rate 0.001 seed 3 event_driven/auto: wall 0.024s updates 0.192 spikes/step 0.0031 peak RSS 91 MiB (0.4s)
[14:00:55]   expand_1k rate 0.005 seed 1 time_step/sparse: wall 0.012s updates 1.000 spikes/step 0.0083 peak RSS 90 MiB (0.4s)
[14:00:56]   expand_1k rate 0.005 seed 1 event_driven/sparse: wall 0.065s updates 0.473 spikes/step 0.0083 peak RSS 92 MiB (0.4s)
[14:00:56]   expand_1k rate 0.005 seed 1 event_driven/auto: wall 0.045s updates 0.473 spikes/step 0.0083 peak RSS 91 MiB (0.4s)
[14:00:56]   expand_1k rate 0.005 seed 2 time_step/sparse: wall 0.012s updates 1.000 spikes/step 0.0080 peak RSS 91 MiB (0.4s)
[14:00:57]   expand_1k rate 0.005 seed 2 event_driven/sparse: wall 0.066s updates 0.469 spikes/step 0.0080 peak RSS 92 MiB (0.4s)
[14:00:57]   expand_1k rate 0.005 seed 2 event_driven/auto: wall 0.045s updates 0.469 spikes/step 0.0080 peak RSS 91 MiB (0.4s)
[14:00:58]   expand_1k rate 0.005 seed 3 time_step/sparse: wall 0.012s updates 1.000 spikes/step 0.0078 peak RSS 90 MiB (0.4s)
[14:00:58]   expand_1k rate 0.005 seed 3 event_driven/sparse: wall 0.064s updates 0.462 spikes/step 0.0078 peak RSS 92 MiB (0.4s)
[14:00:58]   expand_1k rate 0.005 seed 3 event_driven/auto: wall 0.044s updates 0.462 spikes/step 0.0078 peak RSS 91 MiB (0.4s)
[14:00:59]   expand_1k rate 0.01 seed 1 time_step/sparse: wall 0.013s updates 1.000 spikes/step 0.0122 peak RSS 90 MiB (0.4s)
[14:00:59]   expand_1k rate 0.01 seed 1 event_driven/sparse: wall 0.082s updates 0.617 spikes/step 0.0122 peak RSS 91 MiB (0.4s)
[14:01:00]   expand_1k rate 0.01 seed 1 event_driven/auto: wall 0.053s updates 0.617 spikes/step 0.0122 peak RSS 91 MiB (0.4s)
[14:01:00]   expand_1k rate 0.01 seed 2 time_step/sparse: wall 0.014s updates 1.000 spikes/step 0.0128 peak RSS 90 MiB (0.4s)
[14:01:00]   expand_1k rate 0.01 seed 2 event_driven/sparse: wall 0.085s updates 0.626 spikes/step 0.0128 peak RSS 91 MiB (0.4s)
[14:01:01]   expand_1k rate 0.01 seed 2 event_driven/auto: wall 0.054s updates 0.626 spikes/step 0.0128 peak RSS 91 MiB (0.4s)
[14:01:01]   expand_1k rate 0.01 seed 3 time_step/sparse: wall 0.013s updates 1.000 spikes/step 0.0124 peak RSS 90 MiB (0.4s)
[14:01:02]   expand_1k rate 0.01 seed 3 event_driven/sparse: wall 0.083s updates 0.619 spikes/step 0.0124 peak RSS 91 MiB (0.4s)
[14:01:02]   expand_1k rate 0.01 seed 3 event_driven/auto: wall 0.054s updates 0.619 spikes/step 0.0124 peak RSS 91 MiB (0.4s)
[14:01:02]   expand_1k rate 0.05 seed 1 time_step/sparse: wall 0.020s updates 1.000 spikes/step 0.0358 peak RSS 91 MiB (0.4s)
[14:01:03]   expand_1k rate 0.05 seed 1 event_driven/sparse: wall 0.164s updates 0.913 spikes/step 0.0358 peak RSS 91 MiB (0.5s)
[14:01:03]   expand_1k rate 0.05 seed 1 event_driven/auto: wall 0.080s updates 0.913 spikes/step 0.0358 peak RSS 91 MiB (0.4s)
[14:01:04]   expand_1k rate 0.05 seed 2 time_step/sparse: wall 0.020s updates 1.000 spikes/step 0.0360 peak RSS 91 MiB (0.4s)
[14:01:04]   expand_1k rate 0.05 seed 2 event_driven/sparse: wall 0.163s updates 0.914 spikes/step 0.0360 peak RSS 91 MiB (0.5s)
[14:01:05]   expand_1k rate 0.05 seed 2 event_driven/auto: wall 0.077s updates 0.914 spikes/step 0.0360 peak RSS 91 MiB (0.4s)
[14:01:05]   expand_1k rate 0.05 seed 3 time_step/sparse: wall 0.020s updates 1.000 spikes/step 0.0370 peak RSS 90 MiB (0.4s)
[14:01:05]   expand_1k rate 0.05 seed 3 event_driven/sparse: wall 0.168s updates 0.918 spikes/step 0.0370 peak RSS 91 MiB (0.5s)
[14:01:06]   expand_1k rate 0.05 seed 3 event_driven/auto: wall 0.078s updates 0.918 spikes/step 0.0370 peak RSS 91 MiB (0.4s)
[14:01:06]   expand_1k rate 0.1 seed 1 time_step/sparse: wall 0.027s updates 1.000 spikes/step 0.0598 peak RSS 91 MiB (0.4s)
[14:01:07]   expand_1k rate 0.1 seed 1 event_driven/sparse: wall 0.236s updates 0.970 spikes/step 0.0598 peak RSS 92 MiB (0.6s)
[14:01:07]   expand_1k rate 0.1 seed 1 event_driven/auto: wall 0.086s updates 0.970 spikes/step 0.0598 peak RSS 91 MiB (0.4s)
[14:01:08]   expand_1k rate 0.1 seed 2 time_step/sparse: wall 0.027s updates 1.000 spikes/step 0.0596 peak RSS 90 MiB (0.4s)
[14:01:08]   expand_1k rate 0.1 seed 2 event_driven/sparse: wall 0.236s updates 0.969 spikes/step 0.0596 peak RSS 92 MiB (0.6s)
[14:01:09]   expand_1k rate 0.1 seed 2 event_driven/auto: wall 0.086s updates 0.969 spikes/step 0.0596 peak RSS 91 MiB (0.4s)
[14:01:09]   expand_1k rate 0.1 seed 3 time_step/sparse: wall 0.028s updates 1.000 spikes/step 0.0617 peak RSS 91 MiB (0.4s)
[14:01:10]   expand_1k rate 0.1 seed 3 event_driven/sparse: wall 0.240s updates 0.971 spikes/step 0.0617 peak RSS 92 MiB (0.6s)
[14:01:10]   expand_1k rate 0.1 seed 3 event_driven/auto: wall 0.087s updates 0.971 spikes/step 0.0617 peak RSS 91 MiB (0.4s)
[14:01:11]   expand_1k rate 0.25 seed 1 time_step/sparse: wall 0.043s updates 1.000 spikes/step 0.1194 peak RSS 92 MiB (0.4s)
[14:01:11]   expand_1k rate 0.25 seed 1 event_driven/sparse: wall 0.410s updates 0.994 spikes/step 0.1194 peak RSS 92 MiB (0.8s)
[14:01:12]   expand_1k rate 0.25 seed 1 event_driven/auto: wall 0.112s updates 0.994 spikes/step 0.1194 peak RSS 92 MiB (0.5s)
[14:01:12]   expand_1k rate 0.25 seed 2 time_step/sparse: wall 0.044s updates 1.000 spikes/step 0.1199 peak RSS 92 MiB (0.4s)
[14:01:13]   expand_1k rate 0.25 seed 2 event_driven/sparse: wall 0.411s updates 0.994 spikes/step 0.1199 peak RSS 92 MiB (0.8s)
[14:01:13]   expand_1k rate 0.25 seed 2 event_driven/auto: wall 0.122s updates 0.994 spikes/step 0.1199 peak RSS 92 MiB (0.5s)
[14:01:14]   expand_1k rate 0.25 seed 3 time_step/sparse: wall 0.043s updates 1.000 spikes/step 0.1200 peak RSS 91 MiB (0.4s)
[14:01:15]   expand_1k rate 0.25 seed 3 event_driven/sparse: wall 0.428s updates 0.994 spikes/step 0.1200 peak RSS 93 MiB (0.8s)
[14:01:15]   expand_1k rate 0.25 seed 3 event_driven/auto: wall 0.113s updates 0.994 spikes/step 0.1200 peak RSS 92 MiB (0.5s)
[14:01:15]   expand_1k rate 0.5 seed 1 time_step/sparse: wall 0.065s updates 1.000 spikes/step 0.1969 peak RSS 93 MiB (0.4s)
[14:01:16]   expand_1k rate 0.5 seed 1 event_driven/sparse: wall 0.644s updates 0.999 spikes/step 0.1969 peak RSS 95 MiB (1.0s)
[14:01:17]   expand_1k rate 0.5 seed 1 event_driven/auto: wall 0.143s updates 0.999 spikes/step 0.1969 peak RSS 93 MiB (0.5s)
[14:01:17]   expand_1k rate 0.5 seed 2 time_step/sparse: wall 0.064s updates 1.000 spikes/step 0.1971 peak RSS 93 MiB (0.4s)
[14:01:18]   expand_1k rate 0.5 seed 2 event_driven/sparse: wall 0.634s updates 0.999 spikes/step 0.1971 peak RSS 94 MiB (1.0s)
[14:01:19]   expand_1k rate 0.5 seed 2 event_driven/auto: wall 0.151s updates 0.999 spikes/step 0.1971 peak RSS 94 MiB (0.5s)
[14:01:19]   expand_1k rate 0.5 seed 3 time_step/sparse: wall 0.064s updates 1.000 spikes/step 0.1970 peak RSS 93 MiB (0.4s)
[14:01:20]   expand_1k rate 0.5 seed 3 event_driven/sparse: wall 0.632s updates 0.999 spikes/step 0.1970 peak RSS 94 MiB (1.0s)
[14:01:21]   expand_1k rate 0.5 seed 3 event_driven/auto: wall 0.144s updates 0.999 spikes/step 0.1970 peak RSS 93 MiB (0.5s)
[14:01:21]   expand_10k rate 1e-05 seed 1 time_step/sparse: wall 0.008s updates 1.000 spikes/step 0.0001 peak RSS 103 MiB (0.4s)
[14:01:22]   expand_10k rate 1e-05 seed 1 event_driven/sparse: wall 0.009s updates 0.006 spikes/step 0.0001 peak RSS 104 MiB (0.4s)
[14:01:22]   expand_10k rate 1e-05 seed 1 event_driven/auto: wall 0.007s updates 0.006 spikes/step 0.0001 peak RSS 104 MiB (0.4s)
[14:01:22]   expand_10k rate 1e-05 seed 2 time_step/sparse: wall 0.007s updates 1.000 spikes/step 0.0001 peak RSS 103 MiB (0.4s)
[14:01:23]   expand_10k rate 1e-05 seed 2 event_driven/sparse: wall 0.009s updates 0.007 spikes/step 0.0001 peak RSS 104 MiB (0.4s)
[14:01:23]   expand_10k rate 1e-05 seed 2 event_driven/auto: wall 0.007s updates 0.007 spikes/step 0.0001 peak RSS 104 MiB (0.4s)
[14:01:24]   expand_10k rate 1e-05 seed 3 time_step/sparse: wall 0.007s updates 1.000 spikes/step 0.0000 peak RSS 103 MiB (0.4s)
[14:01:24]   expand_10k rate 1e-05 seed 3 event_driven/sparse: wall 0.004s updates 0.002 spikes/step 0.0000 peak RSS 103 MiB (0.4s)
[14:01:24]   expand_10k rate 1e-05 seed 3 event_driven/auto: wall 0.004s updates 0.002 spikes/step 0.0000 peak RSS 103 MiB (0.4s)
[14:01:25]   expand_10k rate 0.0001 seed 1 time_step/sparse: wall 0.019s updates 1.000 spikes/step 0.0007 peak RSS 104 MiB (0.4s)
[14:01:25]   expand_10k rate 0.0001 seed 1 event_driven/sparse: wall 0.081s updates 0.068 spikes/step 0.0007 peak RSS 107 MiB (0.4s)
[14:01:26]   expand_10k rate 0.0001 seed 1 event_driven/auto: wall 0.053s updates 0.068 spikes/step 0.0007 peak RSS 107 MiB (0.4s)
[14:01:26]   expand_10k rate 0.0001 seed 2 time_step/sparse: wall 0.018s updates 1.000 spikes/step 0.0004 peak RSS 103 MiB (0.4s)
[14:01:26]   expand_10k rate 0.0001 seed 2 event_driven/sparse: wall 0.060s updates 0.054 spikes/step 0.0004 peak RSS 106 MiB (0.4s)
[14:01:27]   expand_10k rate 0.0001 seed 2 event_driven/auto: wall 0.046s updates 0.054 spikes/step 0.0004 peak RSS 106 MiB (0.4s)
[14:01:27]   expand_10k rate 0.0001 seed 3 time_step/sparse: wall 0.017s updates 1.000 spikes/step 0.0004 peak RSS 103 MiB (0.4s)
[14:01:28]   expand_10k rate 0.0001 seed 3 event_driven/sparse: wall 0.048s updates 0.043 spikes/step 0.0004 peak RSS 105 MiB (0.4s)
[14:01:28]   expand_10k rate 0.0001 seed 3 event_driven/auto: wall 0.040s updates 0.043 spikes/step 0.0004 peak RSS 106 MiB (0.4s)
[14:01:28]   expand_10k rate 0.0005 seed 1 time_step/sparse: wall 0.031s updates 1.000 spikes/step 0.0021 peak RSS 104 MiB (0.4s)
[14:01:29]   expand_10k rate 0.0005 seed 1 event_driven/sparse: wall 0.222s updates 0.207 spikes/step 0.0021 peak RSS 106 MiB (0.6s)
[14:01:30]   expand_10k rate 0.0005 seed 1 event_driven/auto: wall 0.149s updates 0.207 spikes/step 0.0021 peak RSS 106 MiB (0.5s)
[14:01:30]   expand_10k rate 0.0005 seed 2 time_step/sparse: wall 0.036s updates 1.000 spikes/step 0.0031 peak RSS 104 MiB (0.4s)
[14:01:31]   expand_10k rate 0.0005 seed 2 event_driven/sparse: wall 0.310s updates 0.260 spikes/step 0.0031 peak RSS 107 MiB (0.7s)
[14:01:31]   expand_10k rate 0.0005 seed 2 event_driven/auto: wall 0.186s updates 0.260 spikes/step 0.0031 peak RSS 106 MiB (0.5s)
[14:01:32]   expand_10k rate 0.0005 seed 3 time_step/sparse: wall 0.045s updates 1.000 spikes/step 0.0049 peak RSS 104 MiB (0.4s)
[14:01:32]   expand_10k rate 0.0005 seed 3 event_driven/sparse: wall 0.459s updates 0.355 spikes/step 0.0049 peak RSS 107 MiB (0.8s)
[14:01:33]   expand_10k rate 0.0005 seed 3 event_driven/auto: wall 0.245s updates 0.355 spikes/step 0.0049 peak RSS 106 MiB (0.6s)
[14:01:33]   expand_10k rate 0.001 seed 1 time_step/sparse: wall 0.045s updates 1.000 spikes/step 0.0047 peak RSS 104 MiB (0.4s)
[14:01:34]   expand_10k rate 0.001 seed 1 event_driven/sparse: wall 0.451s updates 0.377 spikes/step 0.0047 peak RSS 106 MiB (0.8s)
[14:01:35]   expand_10k rate 0.001 seed 1 event_driven/auto: wall 0.252s updates 0.377 spikes/step 0.0047 peak RSS 106 MiB (0.6s)
[14:01:35]   expand_10k rate 0.001 seed 2 time_step/sparse: wall 0.054s updates 1.000 spikes/step 0.0063 peak RSS 104 MiB (0.4s)
[14:01:36]   expand_10k rate 0.001 seed 2 event_driven/sparse: wall 0.581s updates 0.448 spikes/step 0.0063 peak RSS 106 MiB (0.9s)
[14:01:37]   expand_10k rate 0.001 seed 2 event_driven/auto: wall 0.306s updates 0.448 spikes/step 0.0063 peak RSS 106 MiB (0.7s)
[14:01:37]   expand_10k rate 0.001 seed 3 time_step/sparse: wall 0.052s updates 1.000 spikes/step 0.0059 peak RSS 104 MiB (0.4s)
[14:01:38]   expand_10k rate 0.001 seed 3 event_driven/sparse: wall 0.542s updates 0.430 spikes/step 0.0059 peak RSS 107 MiB (0.9s)
[14:01:39]   expand_10k rate 0.001 seed 3 event_driven/auto: wall 0.293s updates 0.430 spikes/step 0.0059 peak RSS 106 MiB (0.6s)
[14:01:39]   expand_10k rate 0.005 seed 1 time_step/sparse: wall 0.075s updates 1.000 spikes/step 0.0104 peak RSS 104 MiB (0.4s)
[14:01:41]   expand_10k rate 0.005 seed 1 event_driven/sparse: wall 0.936s updates 0.676 spikes/step 0.0104 peak RSS 106 MiB (1.3s)
[14:01:41]   expand_10k rate 0.005 seed 1 event_driven/auto: wall 0.459s updates 0.676 spikes/step 0.0104 peak RSS 106 MiB (0.8s)
[14:01:42]   expand_10k rate 0.005 seed 2 time_step/sparse: wall 0.076s updates 1.000 spikes/step 0.0104 peak RSS 104 MiB (0.4s)
[14:01:43]   expand_10k rate 0.005 seed 2 event_driven/sparse: wall 0.933s updates 0.676 spikes/step 0.0104 peak RSS 106 MiB (1.3s)
[14:01:44]   expand_10k rate 0.005 seed 2 event_driven/auto: wall 0.466s updates 0.676 spikes/step 0.0104 peak RSS 106 MiB (0.8s)
[14:01:44]   expand_10k rate 0.005 seed 3 time_step/sparse: wall 0.077s updates 1.000 spikes/step 0.0107 peak RSS 104 MiB (0.4s)
[14:01:46]   expand_10k rate 0.005 seed 3 event_driven/sparse: wall 0.960s updates 0.683 spikes/step 0.0107 peak RSS 107 MiB (1.3s)
[14:01:47]   expand_10k rate 0.005 seed 3 event_driven/auto: wall 0.470s updates 0.683 spikes/step 0.0107 peak RSS 106 MiB (0.8s)
[14:01:47]   expand_10k rate 0.01 seed 1 time_step/sparse: wall 0.096s updates 1.000 spikes/step 0.0143 peak RSS 104 MiB (0.4s)
[14:01:49]   expand_10k rate 0.01 seed 1 event_driven/sparse: wall 1.265s updates 0.789 spikes/step 0.0143 peak RSS 107 MiB (1.6s)
[14:01:50]   expand_10k rate 0.01 seed 1 event_driven/auto: wall 0.555s updates 0.789 spikes/step 0.0143 peak RSS 105 MiB (0.9s)
[14:01:50]   expand_10k rate 0.01 seed 2 time_step/sparse: wall 0.097s updates 1.000 spikes/step 0.0144 peak RSS 104 MiB (0.4s)
[14:01:52]   expand_10k rate 0.01 seed 2 event_driven/sparse: wall 1.250s updates 0.793 spikes/step 0.0144 peak RSS 107 MiB (1.6s)
[14:01:53]   expand_10k rate 0.01 seed 2 event_driven/auto: wall 0.564s updates 0.793 spikes/step 0.0144 peak RSS 106 MiB (0.9s)
[14:01:53]   expand_10k rate 0.01 seed 3 time_step/sparse: wall 0.096s updates 1.000 spikes/step 0.0145 peak RSS 104 MiB (0.4s)
[14:01:55]   expand_10k rate 0.01 seed 3 event_driven/sparse: wall 1.286s updates 0.795 spikes/step 0.0145 peak RSS 108 MiB (1.6s)
[14:01:56]   expand_10k rate 0.01 seed 3 event_driven/auto: wall 0.559s updates 0.795 spikes/step 0.0145 peak RSS 105 MiB (0.9s)
[14:01:56]   expand_10k rate 0.05 seed 1 time_step/sparse: wall 0.223s updates 1.000 spikes/step 0.0385 peak RSS 109 MiB (0.6s)
[14:02:00]   expand_10k rate 0.05 seed 1 event_driven/sparse: wall 2.888s updates 0.967 spikes/step 0.0385 peak RSS 115 MiB (3.3s)
[14:02:01]   expand_10k rate 0.05 seed 1 event_driven/auto: wall 0.859s updates 0.967 spikes/step 0.0385 peak RSS 111 MiB (1.2s)
[14:02:01]   expand_10k rate 0.05 seed 2 time_step/sparse: wall 0.215s updates 1.000 spikes/step 0.0384 peak RSS 108 MiB (0.6s)
[14:02:05]   expand_10k rate 0.05 seed 2 event_driven/sparse: wall 2.880s updates 0.967 spikes/step 0.0384 peak RSS 115 MiB (3.2s)
[14:02:06]   expand_10k rate 0.05 seed 2 event_driven/auto: wall 0.856s updates 0.967 spikes/step 0.0384 peak RSS 110 MiB (1.2s)
[14:02:06]   expand_10k rate 0.05 seed 3 time_step/sparse: wall 0.219s updates 1.000 spikes/step 0.0383 peak RSS 109 MiB (0.6s)
[14:02:10]   expand_10k rate 0.05 seed 3 event_driven/sparse: wall 2.873s updates 0.967 spikes/step 0.0383 peak RSS 115 MiB (3.2s)
[14:02:11]   expand_10k rate 0.05 seed 3 event_driven/auto: wall 0.846s updates 0.967 spikes/step 0.0383 peak RSS 110 MiB (1.2s)
[14:02:12]   expand_10k rate 0.1 seed 1 time_step/sparse: wall 0.364s updates 1.000 spikes/step 0.0652 peak RSS 118 MiB (0.7s)
[14:02:17]   expand_10k rate 0.1 seed 1 event_driven/sparse: wall 4.581s updates 0.989 spikes/step 0.0652 peak RSS 126 MiB (4.9s)
[14:02:18]   expand_10k rate 0.1 seed 1 event_driven/auto: wall 1.090s updates 0.989 spikes/step 0.0652 peak RSS 120 MiB (1.4s)
[14:02:19]   expand_10k rate 0.1 seed 2 time_step/sparse: wall 0.368s updates 1.000 spikes/step 0.0653 peak RSS 114 MiB (0.7s)
[14:02:24]   expand_10k rate 0.1 seed 2 event_driven/sparse: wall 4.620s updates 0.989 spikes/step 0.0653 peak RSS 130 MiB (5.0s)
[14:02:25]   expand_10k rate 0.1 seed 2 event_driven/auto: wall 1.099s updates 0.989 spikes/step 0.0653 peak RSS 117 MiB (1.5s)
[14:02:26]   expand_10k rate 0.1 seed 3 time_step/sparse: wall 0.360s updates 1.000 spikes/step 0.0650 peak RSS 118 MiB (0.7s)
[14:02:31]   expand_10k rate 0.1 seed 3 event_driven/sparse: wall 4.573s updates 0.989 spikes/step 0.0650 peak RSS 125 MiB (4.9s)
[14:02:32]   expand_10k rate 0.1 seed 3 event_driven/auto: wall 1.082s updates 0.989 spikes/step 0.0650 peak RSS 118 MiB (1.4s)
[14:02:34]   expand_10k rate 0.25 seed 1 time_step/sparse: wall 0.803s updates 1.000 spikes/step 0.1444 peak RSS 139 MiB (1.2s)
[14:02:44]   expand_10k rate 0.25 seed 1 event_driven/sparse: wall 9.630s updates 0.997 spikes/step 0.1444 peak RSS 157 MiB (10.0s)
[14:02:46]   expand_10k rate 0.25 seed 1 event_driven/auto: wall 1.787s updates 0.997 spikes/step 0.1444 peak RSS 148 MiB (2.2s)
[14:02:47]   expand_10k rate 0.25 seed 2 time_step/sparse: wall 0.790s updates 1.000 spikes/step 0.1446 peak RSS 139 MiB (1.1s)
[14:02:57]   expand_10k rate 0.25 seed 2 event_driven/sparse: wall 9.622s updates 0.997 spikes/step 0.1446 peak RSS 155 MiB (10.0s)
[14:02:59]   expand_10k rate 0.25 seed 2 event_driven/auto: wall 1.746s updates 0.997 spikes/step 0.1446 peak RSS 144 MiB (2.1s)
[14:03:00]   expand_10k rate 0.25 seed 3 time_step/sparse: wall 0.805s updates 1.000 spikes/step 0.1448 peak RSS 137 MiB (1.2s)
[14:03:10]   expand_10k rate 0.25 seed 3 event_driven/sparse: wall 9.701s updates 0.997 spikes/step 0.1448 peak RSS 161 MiB (10.1s)
[14:03:12]   expand_10k rate 0.25 seed 3 event_driven/auto: wall 1.726s updates 0.997 spikes/step 0.1448 peak RSS 142 MiB (2.1s)
[14:03:14]   expand_10k rate 0.5 seed 1 time_step/sparse: wall 1.305s updates 1.000 spikes/step 0.2373 peak RSS 156 MiB (1.7s)
[14:03:30]   expand_10k rate 0.5 seed 1 event_driven/sparse: wall 15.491s updates 0.999 spikes/step 0.2373 peak RSS 179 MiB (15.8s)
[14:03:33]   expand_10k rate 0.5 seed 1 event_driven/auto: wall 2.440s updates 0.999 spikes/step 0.2373 peak RSS 162 MiB (2.8s)
[14:03:35]   expand_10k rate 0.5 seed 2 time_step/sparse: wall 1.307s updates 1.000 spikes/step 0.2372 peak RSS 156 MiB (1.7s)
[14:03:50]   expand_10k rate 0.5 seed 2 event_driven/sparse: wall 15.398s updates 0.999 spikes/step 0.2372 peak RSS 185 MiB (15.8s)
[14:03:53]   expand_10k rate 0.5 seed 2 event_driven/auto: wall 2.435s updates 0.999 spikes/step 0.2372 peak RSS 162 MiB (2.8s)
[14:03:55]   expand_10k rate 0.5 seed 3 time_step/sparse: wall 1.331s updates 1.000 spikes/step 0.2372 peak RSS 172 MiB (1.7s)
[14:04:11]   expand_10k rate 0.5 seed 3 event_driven/sparse: wall 15.386s updates 0.999 spikes/step 0.2372 peak RSS 209 MiB (15.7s)
[14:04:13]   expand_10k rate 0.5 seed 3 event_driven/auto: wall 2.449s updates 0.999 spikes/step 0.2372 peak RSS 173 MiB (2.9s)
