[14:05:08]   expand_1k rate 0.05 seed 1 time_step/sparse: wall 0.008s updates 1.000 spikes/step 0.0099 peak RSS 90 MiB (0.4s)
[14:05:08]   expand_1k rate 0.05 seed 1 event_driven/sparse: wall 0.045s updates 0.235 spikes/step 0.0099 peak RSS 91 MiB (0.4s)
[14:05:08]   expand_1k rate 0.05 seed 1 event_driven/auto: wall 0.020s updates 0.235 spikes/step 0.0099 peak RSS 91 MiB (0.4s)
[14:05:09]   expand_1k rate 0.05 seed 2 time_step/sparse: wall 0.007s updates 1.000 spikes/step 0.0104 peak RSS 91 MiB (0.3s)
[14:05:09]   expand_1k rate 0.05 seed 2 event_driven/sparse: wall 0.046s updates 0.235 spikes/step 0.0104 peak RSS 92 MiB (0.4s)
[14:05:09]   expand_1k rate 0.05 seed 2 event_driven/auto: wall 0.021s updates 0.235 spikes/step 0.0104 peak RSS 91 MiB (0.4s)
[14:05:10]   expand_1k rate 0.05 seed 3 time_step/sparse: wall 0.008s updates 1.000 spikes/step 0.0108 peak RSS 90 MiB (0.4s)
[14:05:10]   expand_1k rate 0.05 seed 3 event_driven/sparse: wall 0.047s updates 0.238 spikes/step 0.0108 peak RSS 91 MiB (0.4s)
[14:05:10]   expand_1k rate 0.05 seed 3 event_driven/auto: wall 0.021s updates 0.238 spikes/step 0.0108 peak RSS 91 MiB (0.4s)
[14:05:11]   expand_10k rate 0.05 seed 1 time_step/sparse: wall 0.091s updates 1.000 spikes/step 0.0141 peak RSS 109 MiB (0.4s)
[14:05:12]   expand_10k rate 0.05 seed 1 event_driven/sparse: wall 1.016s updates 0.469 spikes/step 0.0141 peak RSS 116 MiB (1.4s)
[14:05:13]   expand_10k rate 0.05 seed 1 event_driven/auto: wall 0.288s updates 0.469 spikes/step 0.0141 peak RSS 111 MiB (0.6s)
[14:05:13]   expand_10k rate 0.05 seed 2 time_step/sparse: wall 0.090s updates 1.000 spikes/step 0.0137 peak RSS 109 MiB (0.4s)
[14:05:15]   expand_10k rate 0.05 seed 2 event_driven/sparse: wall 1.002s updates 0.447 spikes/step 0.0137 peak RSS 117 MiB (1.3s)
[14:05:15]   expand_10k rate 0.05 seed 2 event_driven/auto: wall 0.282s updates 0.447 spikes/step 0.0137 peak RSS 113 MiB (0.6s)
[14:05:16]   expand_10k rate 0.05 seed 3 time_step/sparse: wall 0.091s updates 1.000 spikes/step 0.0140 peak RSS 109 MiB (0.4s)
[14:05:17]   expand_10k rate 0.05 seed 3 event_driven/sparse: wall 1.018s updates 0.464 spikes/step 0.0140 peak RSS 116 MiB (1.4s)
[14:05:18]   expand_10k rate 0.05 seed 3 event_driven/auto: wall 0.282s updates 0.464 spikes/step 0.0140 peak RSS 111 MiB (0.6s)
[14:05:18]   expand_1k rate 0 seed 1 time_step/sparse: wall 0.003s updates 1.000 spikes/step 0.0023 peak RSS 90 MiB (0.3s)
[14:05:18]   expand_1k rate 0 seed 1 event_driven/sparse: wall 0.010s updates 0.042 spikes/step 0.0023 peak RSS 91 MiB (0.4s)
[14:05:19]   expand_1k rate 0 seed 1 event_driven/auto: wall 0.003s updates 0.042 spikes/step 0.0023 peak RSS 90 MiB (0.3s)
[14:05:19]   expand_1k rate 0 seed 2 time_step/sparse: wall 0.003s updates 1.000 spikes/step 0.0021 peak RSS 90 MiB (0.3s)
[14:05:20]   expand_1k rate 0 seed 2 event_driven/sparse: wall 0.009s updates 0.038 spikes/step 0.0021 peak RSS 91 MiB (0.3s)
[14:05:20]   expand_1k rate 0 seed 2 event_driven/auto: wall 0.003s updates 0.038 spikes/step 0.0021 peak RSS 91 MiB (0.3s)
[14:05:20]   expand_1k rate 0 seed 3 time_step/sparse: wall 0.003s updates 1.000 spikes/step 0.0023 peak RSS 90 MiB (0.3s)
[14:05:21]   expand_1k rate 0 seed 3 event_driven/sparse: wall 0.009s updates 0.041 spikes/step 0.0023 peak RSS 91 MiB (0.4s)
[14:05:21]   expand_1k rate 0 seed 3 event_driven/auto: wall 0.003s updates 0.041 spikes/step 0.0023 peak RSS 91 MiB (0.4s)
[14:05:21]   expand_10k rate 0 seed 1 time_step/sparse: wall 0.024s updates 1.000 spikes/step 0.0026 peak RSS 108 MiB (0.4s)
[14:05:22]   expand_10k rate 0 seed 1 event_driven/sparse: wall 0.190s updates 0.079 spikes/step 0.0026 peak RSS 116 MiB (0.5s)
[14:05:22]   expand_10k rate 0 seed 1 event_driven/auto: wall 0.038s updates 0.079 spikes/step 0.0026 peak RSS 109 MiB (0.4s)
[14:05:23]   expand_10k rate 0 seed 2 time_step/sparse: wall 0.022s updates 1.000 spikes/step 0.0022 peak RSS 109 MiB (0.4s)
[14:05:23]   expand_10k rate 0 seed 2 event_driven/sparse: wall 0.165s updates 0.059 spikes/step 0.0022 peak RSS 116 MiB (0.5s)
[14:05:23]   expand_10k rate 0 seed 2 event_driven/auto: wall 0.031s updates 0.059 spikes/step 0.0022 peak RSS 110 MiB (0.4s)
[14:05:24]   expand_10k rate 0 seed 3 time_step/sparse: wall 0.043s updates 1.000 spikes/step 0.0054 peak RSS 108 MiB (0.4s)
[14:05:25]   expand_10k rate 0 seed 3 event_driven/sparse: wall 0.390s updates 0.269 spikes/step 0.0054 peak RSS 117 MiB (0.8s)
[14:05:25]   expand_10k rate 0 seed 3 event_driven/auto: wall 0.092s updates 0.269 spikes/step 0.0054 peak RSS 110 MiB (0.4s)
[14:05:25]   expand_1k rate 0 seed 1 time_step/sparse: wall 0.003s updates 1.000 spikes/step 0.0003 peak RSS 90 MiB (0.4s)
[14:05:26]   expand_1k rate 0 seed 1 event_driven/sparse: wall 0.006s updates 0.027 spikes/step 0.0003 peak RSS 90 MiB (0.4s)
[14:05:26]   expand_1k rate 0 seed 1 event_driven/auto: wall 0.005s updates 0.027 spikes/step 0.0003 peak RSS 90 MiB (0.3s)
[14:05:26]   expand_1k rate 0 seed 2 time_step/sparse: wall 0.004s updates 1.000 spikes/step 0.0007 peak RSS 90 MiB (0.3s)
[14:05:27]   expand_1k rate 0 seed 2 event_driven/sparse: wall 0.009s updates 0.046 spikes/step 0.0007 peak RSS 90 MiB (0.3s)
[14:05:27]   expand_1k rate 0 seed 2 event_driven/auto: wall 0.007s updates 0.046 spikes/step 0.0007 peak RSS 90 MiB (0.4s)
[14:05:28]   expand_1k rate 0 seed 3 time_step/sparse: wall 0.004s updates 1.000 spikes/step 0.0005 peak RSS 90 MiB (0.4s)
[14:05:28]   expand_1k rate 0 seed 3 event_driven/sparse: wall 0.008s updates 0.041 spikes/step 0.0005 peak RSS 90 MiB (0.4s)
[14:05:28]   expand_1k rate 0 seed 3 event_driven/auto: wall 0.007s updates 0.041 spikes/step 0.0005 peak RSS 90 MiB (0.3s)
[14:05:29]   expand_10k rate 0 seed 1 time_step/sparse: wall 0.008s updates 1.000 spikes/step 0.0000 peak RSS 102 MiB (0.4s)
[14:05:29]   expand_10k rate 0 seed 1 event_driven/sparse: wall 0.007s updates 0.006 spikes/step 0.0000 peak RSS 103 MiB (0.3s)
[14:05:29]   expand_10k rate 0 seed 1 event_driven/auto: wall 0.007s updates 0.006 spikes/step 0.0000 peak RSS 103 MiB (0.3s)
[14:05:30]   expand_10k rate 0 seed 2 time_step/sparse: wall 0.008s updates 1.000 spikes/step 0.0001 peak RSS 102 MiB (0.3s)
[14:05:30]   expand_10k rate 0 seed 2 event_driven/sparse: wall 0.011s updates 0.011 spikes/step 0.0001 peak RSS 103 MiB (0.4s)
[14:05:30]   expand_10k rate 0 seed 2 event_driven/auto: wall 0.010s updates 0.011 spikes/step 0.0001 peak RSS 103 MiB (0.4s)
[14:05:31]   expand_10k rate 0 seed 3 time_step/sparse: wall 0.009s updates 1.000 spikes/step 0.0001 peak RSS 103 MiB (0.4s)
[14:05:31]   expand_10k rate 0 seed 3 event_driven/sparse: wall 0.017s updates 0.019 spikes/step 0.0001 peak RSS 103 MiB (0.4s)
[14:05:31]   expand_10k rate 0 seed 3 event_driven/auto: wall 0.012s updates 0.019 spikes/step 0.0001 peak RSS 103 MiB (0.4s)
